Component: Arm Compiler for Embedded 6.24 Tool: armlink [5f371500]

==============================================================================

Section Cross References

    startup_stm32f401xc.o(RESET) refers to startup_stm32f401xc.o(STACK) for __initial_sp
    startup_stm32f401xc.o(RESET) refers to startup_stm32f401xc.o(.text) for Reset_Handler
    startup_stm32f401xc.o(RESET) refers to stm32f4xx_it.o(.text.NMI_Handler) for NMI_Handler
    startup_stm32f401xc.o(RESET) refers to stm32f4xx_it.o(.text.HardFault_Handler) for HardFault_Handler
    startup_stm32f401xc.o(RESET) refers to stm32f4xx_it.o(.text.MemManage_Handler) for MemManage_Handler
    startup_stm32f401xc.o(RESET) refers to stm32f4xx_it.o(.text.BusFault_Handler) for BusFault_Handler
    startup_stm32f401xc.o(RESET) refers to stm32f4xx_it.o(.text.UsageFault_Handler) for UsageFault_Handler
    startup_stm32f401xc.o(RESET) refers to stm32f4xx_it.o(.text.SVC_Handler) for SVC_Handler
    startup_stm32f401xc.o(RESET) refers to stm32f4xx_it.o(.text.DebugMon_Handler) for DebugMon_Handler
    startup_stm32f401xc.o(RESET) refers to stm32f4xx_it.o(.text.PendSV_Handler) for PendSV_Handler
    startup_stm32f401xc.o(RESET) refers to stm32f4xx_it.o(.text.SysTick_Handler) for SysTick_Handler
    startup_stm32f401xc.o(RESET) refers to stm32f4xx_it.o(.text.DMA1_Stream5_IRQHandler) for DMA1_Stream5_IRQHandler
    startup_stm32f401xc.o(RESET) refers to stm32f4xx_it.o(.text.ADC_IRQHandler) for ADC_IRQHandler
    startup_stm32f401xc.o(RESET) refers to stm32f4xx_it.o(.text.TIM1_UP_TIM10_IRQHandler) for TIM1_UP_TIM10_IRQHandler
    startup_stm32f401xc.o(RESET) refers to stm32f4xx_it.o(.text.USART1_IRQHandler) for USART1_IRQHandler
    startup_stm32f401xc.o(RESET) refers to stm32f4xx_it.o(.text.USART2_IRQHandler) for USART2_IRQHandler
    startup_stm32f401xc.o(RESET) refers to stm32f4xx_it.o(.text.EXTI15_10_IRQHandler) for EXTI15_10_IRQHandler
    startup_stm32f401xc.o(RESET) refers to stm32f4xx_it.o(.text.DMA2_Stream2_IRQHandler) for DMA2_Stream2_IRQHandler
    startup_stm32f401xc.o(.text) refers to system_stm32f4xx.o(.text.SystemInit) for SystemInit
    startup_stm32f401xc.o(.text) refers to entry.o(.ARM.Collect$$$$00000000) for __main
    main.o(.text.HAL_UARTEx_RxEventCallback) refers to stm32f4xx_hal.o(.text.HAL_GetTick) for HAL_GetTick
    main.o(.text.HAL_UARTEx_RxEventCallback) refers to main.o(.bss.low_power_tick) for low_power_tick
    main.o(.text.HAL_UARTEx_RxEventCallback) refers to main.o(.bss.uart1_rx_temp) for uart1_rx_temp
    main.o(.text.HAL_UARTEx_RxEventCallback) refers to main.o(.bss.uart1_rx_buff) for uart1_rx_buff
    main.o(.text.HAL_UARTEx_RxEventCallback) refers to memcpya.o(.text) for __aeabi_memcpy
    main.o(.text.HAL_UARTEx_RxEventCallback) refers to main.o(.bss.uart1_rx_len) for uart1_rx_len
    main.o(.text.HAL_UARTEx_RxEventCallback) refers to main.o(.bss.huart1) for huart1
    main.o(.text.HAL_UARTEx_RxEventCallback) refers to stm32f4xx_hal_uart.o(.text.HAL_UARTEx_ReceiveToIdle_DMA) for HAL_UARTEx_ReceiveToIdle_DMA
    main.o(.text.HAL_UARTEx_RxEventCallback) refers to main.o(.bss.uart2_flag) for uart2_flag
    main.o(.text.HAL_UARTEx_RxEventCallback) refers to main.o(.bss.huart2) for huart2
    main.o(.text.HAL_UARTEx_RxEventCallback) refers to main.o(.bss.uart2_rxbuf) for uart2_rxbuf
    main.o(.text.HAL_UARTEx_RxEventCallback) refers to stm32f4xx_hal_uart.o(.text.HAL_UART_Receive_DMA) for HAL_UART_Receive_DMA
    main.o(.ARM.exidx.text.HAL_UARTEx_RxEventCallback) refers to main.o(.text.HAL_UARTEx_RxEventCallback) for [Anonymous Symbol]
    main.o(.text.HAL_UART_ErrorCallback) refers to main.o(.bss.huart1) for huart1
    main.o(.text.HAL_UART_ErrorCallback) refers to main.o(.bss.uart1_rx_buff) for uart1_rx_buff
    main.o(.text.HAL_UART_ErrorCallback) refers to stm32f4xx_hal_uart.o(.text.HAL_UARTEx_ReceiveToIdle_DMA) for HAL_UARTEx_ReceiveToIdle_DMA
    main.o(.ARM.exidx.text.HAL_UART_ErrorCallback) refers to main.o(.text.HAL_UART_ErrorCallback) for [Anonymous Symbol]
    main.o(.text.HAL_TIM_PeriodElapsedCallback) refers to main.o(.bss.htim1) for htim1
    main.o(.text.HAL_TIM_PeriodElapsedCallback) refers to mpu6050.o(.text.MpuGetData) for MpuGetData
    main.o(.text.HAL_TIM_PeriodElapsedCallback) refers to all_data.o(.bss.MPU6050) for MPU6050
    main.o(.text.HAL_TIM_PeriodElapsedCallback) refers to all_data.o(.bss.Angle) for Angle
    main.o(.text.HAL_TIM_PeriodElapsedCallback) refers to imu.o(.text.GetAngle) for GetAngle
    main.o(.text.HAL_TIM_PeriodElapsedCallback) refers to control.o(.text.FlightPidControl) for FlightPidControl
    main.o(.text.HAL_TIM_PeriodElapsedCallback) refers to control.o(.text.MotorControl) for MotorControl
    main.o(.text.HAL_TIM_PeriodElapsedCallback) refers to remote.o(.bss.nrf_cnt) for nrf_cnt
    main.o(.text.HAL_TIM_PeriodElapsedCallback) refers to all_data.o(.bss.ALL_flag) for ALL_flag
[...]
    [Anonymous Symbol]                       0x200001af   Section        0  ano_dt.o(.bss.PID5)
    PID6                                     0x200001c2   Data          19  ano_dt.o(.bss.PID6)
    [Anonymous Symbol]                       0x200001c2   Section        0  ano_dt.o(.bss.PID6)
    PilotLED.LastTime                        0x200001d8   Data           4  led.o(.bss.PilotLED.LastTime)
    [Anonymous Symbol]                       0x200001d8   Section        0  led.o(.bss.PilotLED.LastTime)
    RatePID                                  0x200001fc   Data          19  ano_dt.o(.bss.RatePID)
    [Anonymous Symbol]                       0x200001fc   Section        0  ano_dt.o(.bss.RatePID)
    SPL06_calib_param                        0x20000234   Data          24  spl06_001.o(.bss.SPL06_calib_param)
    [Anonymous Symbol]                       0x20000234   Section        0  spl06_001.o(.bss.SPL06_calib_param)
    remote_unlock.cnt                        0x200006e0   Data           2  remote.o(.bss.remote_unlock.cnt)
    [Anonymous Symbol]                       0x200006e0   Section        0  remote.o(.bss.remote_unlock.cnt)
    remote_unlock.lock_cnt                   0x200006e2   Data           2  remote.o(.bss.remote_unlock.lock_cnt)
    [Anonymous Symbol]                       0x200006e2   Section        0  remote.o(.bss.remote_unlock.lock_cnt)
    STACK                                    0x20000858   Section     1024  startup_stm32f401xc.o(STACK)

    Global Symbols

    Symbol Name                              Value     Ov Type        Size  Object(Section)

    BuildAttributes$$THM_ISAv4$E$P$D$K$B$S$7EM$VFPi3$EXTD16$VFPS$VFMA$PE$A:L22UL41UL21$X:L11$S22US41US21$IEEE1$IW$~IW$USESV6$~STKCKD$USESV7$~SHL$OTIME$ROPI$IEEEX$EBA8$MICROLIB$REQ8$PRES8$EABIv2 0x00000000   Number         0  anon$$obj.o ABSOLUTE
    __cpp_initialize__aeabi_                  - Undefined Weak Reference
    __cxa_finalize                            - Undefined Weak Reference
    __decompress                              - Undefined Weak Reference
    _clock_init                               - Undefined Weak Reference
    _microlib_exit                            - Undefined Weak Reference
    __Vectors_Size                           0x00000194   Number         0  startup_stm32f401xc.o ABSOLUTE
    __Vectors                                0x08000000   Data           4  startup_stm32f401xc.o(RESET)
    __Vectors_End                            0x08000194   Data           0  startup_stm32f401xc.o(RESET)
    __main                                   0x08000195   Thumb Code     0  entry.o(.ARM.Collect$$$$00000000)
    _main_stk                                0x08000195   Thumb Code     0  entry2.o(.ARM.Collect$$$$00000001)
    _main_scatterload                        0x08000199   Thumb Code     0  entry5.o(.ARM.Collect$$$$00000004)
    __main_after_scatterload                 0x0800019d   Thumb Code     0  entry5.o(.ARM.Collect$$$$00000004)
    _main_clock                              0x0800019d   Thumb Code     0  entry7b.o(.ARM.Collect$$$$00000008)
    _main_cpp_init                           0x0800019d   Thumb Code     0  entry8b.o(.ARM.Collect$$$$0000000A)
    _main_init                               0x0800019d   Thumb Code     0  entry9a.o(.ARM.Collect$$$$0000000B)
    __rt_final_cpp                           0x080001a5   Thumb Code     0  entry10a.o(.ARM.Collect$$$$0000000D)
    __rt_final_exit                          0x080001a5   Thumb Code     0  entry11a.o(.ARM.Collect$$$$0000000F)
    Reset_Handler                            0x080001a9   Thumb Code     8  startup_stm32f401xc.o(.text)
    DMA1_Stream0_IRQHandler                  0x080001c3   Thumb Code     0  startup_stm32f401xc.o(.text)
    DMA1_Stream1_IRQHandler                  0x080001c3   Thumb Code     0  startup_stm32f401xc.o(.text)
    DMA1_Stream2_IRQHandler                  0x080001c3   Thumb Code     0  startup_stm32f401xc.o(.text)
    DMA1_Stream3_IRQHandler                  0x080001c3   Thumb Code     0  startup_stm32f401xc.o(.text)
    DMA1_Stream4_IRQHandler                  0x080001c3   Thumb Code     0  startup_stm32f401xc.o(.text)
    DMA1_Stream6_IRQHandler                  0x080001c3   Thumb Code     0  startup_stm32f401xc.o(.text)
    DMA1_Stream7_IRQHandler                  0x080001c3   Thumb Code     0  startup_stm32f401xc.o(.text)
    DMA2_Stream0_IRQHandler                  0x080001c3   Thumb Code     0  startup_stm32f401xc.o(.text)
    DMA2_Stream1_IRQHandler                  0x080001c3   Thumb Code     0  startup_stm32f401xc.o(.text)
    DMA2_Stream3_IRQHandler                  0x080001c3   Thumb Code     0  startup_stm32f401xc.o(.text)
    DMA2_Stream4_IRQHandler                  0x080001c3   Thumb Code     0  startup_stm32f401xc.o(.text)
    DMA2_Stream5_IRQHandler                  0x080001c3   Thumb Code     0  startup_stm32f401xc.o(.text)
    DMA2_Stream6_IRQHandler                  0x080001c3   Thumb Code     0  startup_stm32f401xc.o(.text)
    DMA2_Stream7_IRQHandler                  0x080001c3   Thumb Code     0  startup_stm32f401xc.o(.text)
    EXTI0_IRQHandler                         0x080001c3   Thumb Code     0  startup_stm32f401xc.o(.text)
    EXTI1_IRQHandler                         0x080001c3   Thumb Code     0  startup_stm32f401xc.o(.text)
    EXTI2_IRQHandler                         0x080001c3   Thumb Code     0  startup_stm32f401xc.o(.text)
    EXTI3_IRQHandler                         0x080001c3   Thumb Code     0  startup_stm32f401xc.o(.text)
    EXTI4_IRQHandler                         0x080001c3   Thumb Code     0  startup_stm32f401xc.o(.text)
    EXTI9_5_IRQHandler                       0x080001c3   Thumb Code     0  startup_stm32f401xc.o(.text)
    FLASH_IRQHandler                         0x080001c3   Thumb Code     0  startup_stm32f401xc.o(.text)
    FPU_IRQHandler                           0x080001c3   Thumb Code     0  startup_stm32f401xc.o(.text)
    I2C1_ER_IRQHandler                       0x080001c3   Thumb Code     0  startup_stm32f401xc.o(.text)
    I2C1_EV_IRQHandler                       0x080001c3   Thumb Code     0  startup_stm32f401xc.o(.text)
    I2C2_ER_IRQHandler                       0x080001c3   Thumb Code     0  startup_stm32f401xc.o(.text)
    I2C2_EV_IRQHandler                       0x080001c3   Thumb Code     0  startup_stm32f401xc.o(.text)
    I2C3_ER_IRQHandler                       0x080001c3   Thumb Code     0  startup_stm32f401xc.o(.text)
    I2C3_EV_IRQHandler                       0x080001c3   Thumb Code     0  startup_stm32f401xc.o(.text)
    OTG_FS_IRQHandler                        0x080001c3   Thumb Code     0  startup_stm32f401xc.o(.text)
    OTG_FS_WKUP_IRQHandler                   0x080001c3   Thumb Code     0  startup_stm32f401xc.o(.text)
    PVD_IRQHandler                           0x080001c3   Thumb Code     0  startup_stm32f401xc.o(.text)
    RCC_IRQHandler                           0x080001c3   Thumb Code     0  startup_stm32f401xc.o(.text)
    RTC_Alarm_IRQHandler                     0x080001c3   Thumb Code     0  startup_stm32f401xc.o(.text)
    RTC_WKUP_IRQHandler                      0x080001c3   Thumb Code     0  startup_stm32f401xc.o(.text)
    SDIO_IRQHandler                          0x080001c3   Thumb Code     0  startup_stm32f401xc.o(.text)
    SPI1_IRQHandler                          0x080001c3   Thumb Code     0  startup_stm32f401xc.o(.text)
    SPI2_IRQHandler                          0x080001c3   Thumb Code     0  startup_stm32f401xc.o(.text)
    SPI3_IRQHandler                          0x080001c3   Thumb Code     0  startup_stm32f401xc.o(.text)
    SPI4_IRQHandler                          0x080001c3   Thumb Code     0  startup_stm32f401xc.o(.text)
    TAMP_STAMP_IRQHandler                    0x080001c3   Thumb Code     0  startup_stm32f401xc.o(.text)
    TIM1_BRK_TIM9_IRQHandler                 0x080001c3   Thumb Code     0  startup_stm32f401xc.o(.text)
    TIM1_CC_IRQHandler                       0x080001c3   Thumb Code     0  startup_stm32f401xc.o(.text)
    TIM1_TRG_COM_TIM11_IRQHandler            0x080001c3   Thumb Code     0  startup_stm32f401xc.o(.text)
    TIM2_IRQHandler                          0x080001c3   Thumb Code     0  startup_stm32f401xc.o(.text)
    TIM3_IRQHandler                          0x080001c3   Thumb Code     0  startup_stm32f401xc.o(.text)
    TIM4_IRQHandler                          0x080001c3   Thumb Code     0  startup_stm32f401xc.o(.text)
    TIM5_IRQHandler                          0x080001c3   Thumb Code     0  startup_stm32f401xc.o(.text)
    USART6_IRQHandler                        0x080001c3   Thumb Code     0  startup_stm32f401xc.o(.text)
    WWDG_IRQHandler                          0x080001c3   Thumb Code     0  startup_stm32f401xc.o(.text)
    __aeabi_uldivmod                         0x080001cd   Thumb Code    98  uldiv.o(.text)
    __aeabi_memcpy                           0x0800022f   Thumb Code    36  memcpya.o(.text)
    __aeabi_memcpy4                          0x0800022f   Thumb Code     0  memcpya.o(.text)
    __aeabi_memcpy8                          0x0800022f   Thumb Code     0  memcpya.o(.text)
    __aeabi_memset                           0x08000253   Thumb Code    14  memseta.o(.text)
    __aeabi_memset4                          0x08000253   Thumb Code     0  memseta.o(.text)
    __aeabi_memset8                          0x08000253   Thumb Code     0  memseta.o(.text)
    __aeabi_memclr                           0x08000261   Thumb Code     4  memseta.o(.text)
    __aeabi_memclr4                          0x08000261   Thumb Code     0  memseta.o(.text)
    __aeabi_memclr8                          0x08000261   Thumb Code     0  memseta.o(.text)
    _memset$wrapper                          0x08000265   Thumb Code    18  memseta.o(.text)
    __aeabi_dadd                             0x08000277   Thumb Code   322  dadd.o(.text)
    __aeabi_dsub                             0x080003b9   Thumb Code     6  dadd.o(.text)
    __aeabi_drsub                            0x080003bf   Thumb Code     6  dadd.o(.text)
    __aeabi_dmul                             0x080003c5   Thumb Code   228  dmul.o(.text)
    __aeabi_ddiv                             0x080004a9   Thumb Code   222  ddiv.o(.text)
    __aeabi_i2d                              0x08000587   Thumb Code    34  dflti.o(.text)
    __aeabi_f2d                              0x080005a9   Thumb Code    38  f2d.o(.text)
    __aeabi_d2f                              0x080005cf   Thumb Code    56  d2f.o(.text)
    __aeabi_uidiv                            0x08000607   Thumb Code     0  uidiv.o(.text)
    __aeabi_uidivmod                         0x08000607   Thumb Code    44  uidiv.o(.text)
    __aeabi_llsl                             0x08000633   Thumb Code    30  llshl.o(.text)
    _ll_shift_l                              0x08000633   Thumb Code     0  llshl.o(.text)
    __aeabi_llsr                             0x08000651   Thumb Code    32  llushr.o(.text)
    _ll_ushift_r                             0x08000651   Thumb Code     0  llushr.o(.text)
    __aeabi_lasr                             0x08000671   Thumb Code    36  llsshr.o(.text)
    _ll_sshift_r                             0x08000671   Thumb Code     0  llsshr.o(.text)
    __I$use$fp                               0x08000695   Thumb Code     0  iusefp.o(.text)
    _float_round                             0x08000695   Thumb Code    18  fepilogue.o(.text)
    _float_epilogue                          0x080006a7   Thumb Code    92  fepilogue.o(.text)
    _double_round                            0x08000703   Thumb Code    30  depilogue.o(.text)
    _double_epilogue                         0x08000721   Thumb Code   156  depilogue.o(.text)
    __aeabi_d2ulz                            0x080007bd   Thumb Code    48  dfixul.o(.text)
    __aeabi_cdcmpeq                          0x080007ed   Thumb Code     0  cdcmple.o(.text)
    __aeabi_cdcmple                          0x080007ed   Thumb Code    48  cdcmple.o(.text)
    __aeabi_cdrcmple                         0x0800081d   Thumb Code    48  cdrcmple.o(.text)
    __scatterload                            0x0800084d   Thumb Code    38  init.o(.text)
    __scatterload_rt2                        0x0800084d   Thumb Code     0  init.o(.text)
    _dsqrt                                   0x0800087d   Thumb Code   162  dsqrt.o(.text)
    ADC_IRQHandler                           0x08000921   Thumb Code    16  stm32f4xx_it.o(.text.ADC_IRQHandler)
    ANO_Recive                               0x08000abd   Thumb Code  1544  ano_dt.o(.text.ANO_Recive)
    ANTO_Send                                0x080010d1   Thumb Code  1228  ano_dt.o(.text.ANTO_Send)
    ANTO_polling                             0x080015a1   Thumb Code  1048  ano_dt.o(.text.ANTO_polling)
    BusFault_Handler                         0x080019bd   Thumb Code     4  stm32f4xx_it.o(.text.BusFault_Handler)
    CascadePID                               0x080019c1   Thumb Code    44  pid.o(.text.CascadePID)
    DMA1_Stream5_IRQHandler                  0x080019ed   Thumb Code    16  stm32f4xx_it.o(.text.DMA1_Stream5_IRQHandler)
    DMA2_Stream2_IRQHandler                  0x080019fd   Thumb Code    16  stm32f4xx_it.o(.text.DMA2_Stream2_IRQHandler)
    DebugMon_Handler                         0x08001ba5   Thumb Code     2  stm32f4xx_it.o(.text.DebugMon_Handler)
    EXTI15_10_IRQHandler                     0x08001ba9   Thumb Code    12  stm32f4xx_it.o(.text.EXTI15_10_IRQHandler)
    Error_Handler                            0x08001bb5   Thumb Code     6  main.o(.text.Error_Handler)
    FLASH_Erase_Sector                       0x08001bbd   Thumb Code   132  stm32f4xx_hal_flash_ex.o(.text.FLASH_Erase_Sector)
    FLASH_FlushCaches                        0x08001c41   Thumb Code   162  stm32f4xx_hal_flash_ex.o(.text.FLASH_FlushCaches)
    FLASH_WaitForLastOperation               0x08001f0d   Thumb Code   164  stm32f4xx_hal_flash.o(.text.FLASH_WaitForLastOperation)
    Flash_Erase_Sector5                      0x08001fb1   Thumb Code    54  flash.o(.text.Flash_Erase_Sector5)
    Flash_Load_RxAddress                     0x08001fe9   Thumb Code    56  flash.o(.text.Flash_Load_RxAddress)
    Flash_Read_Data                          0x08002021   Thumb Code    70  flash.o(.text.Flash_Read_Data)
    Flash_Write_Data                         0x08002069   Thumb Code    90  flash.o(.text.Flash_Write_Data)
    FlightPidControl                         0x080020c5   Thumb Code   486  control.o(.text.FlightPidControl)
    GetAngle                                 0x080022ad   Thumb Code  1494  imu.o(.text.GetAngle)
    HAL_ADCEx_InjectedConvCpltCallback       0x08002885   Thumb Code     8  stm32f4xx_hal_adc_ex.o(.text.HAL_ADCEx_InjectedConvCpltCallback)
    HAL_ADC_ConfigChannel                    0x0800288d   Thumb Code   536  stm32f4xx_hal_adc.o(.text.HAL_ADC_ConfigChannel)
    HAL_ADC_ConvCpltCallback                 0x08002aa5   Thumb Code    90  main.o(.text.HAL_ADC_ConvCpltCallback)
    HAL_ADC_ErrorCallback                    0x08002b01   Thumb Code     8  stm32f4xx_hal_adc.o(.text.HAL_ADC_ErrorCallback)
    HAL_ADC_GetValue                         0x08002b09   Thumb Code    14  stm32f4xx_hal_adc.o(.text.HAL_ADC_GetValue)
    HAL_ADC_IRQHandler                       0x08002b19   Thumb Code   540  stm32f4xx_hal_adc.o(.text.HAL_ADC_IRQHandler)
    HAL_ADC_Init                             0x08002d35   Thumb Code   168  stm32f4xx_hal_adc.o(.text.HAL_ADC_Init)
    HAL_ADC_LevelOutOfWindowCallback         0x08002ddd   Thumb Code     8  stm32f4xx_hal_adc.o(.text.HAL_ADC_LevelOutOfWindowCallback)
    HAL_ADC_MspInit                          0x08002de5   Thumb Code   154  stm32f4xx_hal_msp.o(.text.HAL_ADC_MspInit)
    HAL_ADC_Start_IT                         0x08002e81   Thumb Code   390  stm32f4xx_hal_adc.o(.text.HAL_ADC_Start_IT)
    HAL_ADC_Stop_IT                          0x08003009   Thumb Code   126  stm32f4xx_hal_adc.o(.text.HAL_ADC_Stop_IT)
    HAL_DMA_Abort                            0x08003089   Thumb Code   236  stm32f4xx_hal_dma.o(.text.HAL_DMA_Abort)
    HAL_DMA_Abort_IT                         0x08003175   Thumb Code    68  stm32f4xx_hal_dma.o(.text.HAL_DMA_Abort_IT)
    HAL_DMA_IRQHandler                       0x080031b9   Thumb Code   798  stm32f4xx_hal_dma.o(.text.HAL_DMA_IRQHandler)
    HAL_DMA_Init                             0x080034d9   Thumb Code   366  stm32f4xx_hal_dma.o(.text.HAL_DMA_Init)
    HAL_DMA_Start_IT                         0x08003649   Thumb Code   194  stm32f4xx_hal_dma.o(.text.HAL_DMA_Start_IT)
    HAL_Delay                                0x0800370d   Thumb Code    66  stm32f4xx_hal.o(.text.HAL_Delay)
    HAL_FLASHEx_Erase                        0x08003751   Thumb Code   264  stm32f4xx_hal_flash_ex.o(.text.HAL_FLASHEx_Erase)
    HAL_FLASH_Lock                           0x08003859   Thumb Code    20  stm32f4xx_hal_flash.o(.text.HAL_FLASH_Lock)
    HAL_FLASH_Program                        0x0800386d   Thumb Code   210  stm32f4xx_hal_flash.o(.text.HAL_FLASH_Program)
    HAL_FLASH_Unlock                         0x08003941   Thumb Code    86  stm32f4xx_hal_flash.o(.text.HAL_FLASH_Unlock)
    HAL_GPIO_EXTI_Callback                   0x08003999   Thumb Code   116  main.o(.text.HAL_GPIO_EXTI_Callback)
    HAL_GPIO_EXTI_IRQHandler                 0x08003a0d   Thumb Code    56  stm32f4xx_hal_gpio.o(.text.HAL_GPIO_EXTI_IRQHandler)
    HAL_GPIO_Init                            0x08003a45   Thumb Code   866  stm32f4xx_hal_gpio.o(.text.HAL_GPIO_Init)
    HAL_GPIO_ReadPin                         0x08003da9   Thumb Code    46  stm32f4xx_hal_gpio.o(.text.HAL_GPIO_ReadPin)
    HAL_GPIO_TogglePin                       0x08003dd9   Thumb Code    38  stm32f4xx_hal_gpio.o(.text.HAL_GPIO_TogglePin)
    HAL_GPIO_WritePin                        0x08003e01   Thumb Code    46  stm32f4xx_hal_gpio.o(.text.HAL_GPIO_WritePin)
    HAL_GetTick                              0x08003e31   Thumb Code    12  stm32f4xx_hal.o(.text.HAL_GetTick)
    HAL_I2C_Init                             0x08003e3d   Thumb Code   676  stm32f4xx_hal_i2c.o(.text.HAL_I2C_Init)
    HAL_I2C_Mem_Read                         0x080040e1   Thumb Code  1096  stm32f4xx_hal_i2c.o(.text.HAL_I2C_Mem_Read)
    HAL_I2C_Mem_Write                        0x08004529   Thumb Code   532  stm32f4xx_hal_i2c.o(.text.HAL_I2C_Mem_Write)
    HAL_I2C_MspInit                          0x0800473d   Thumb Code   144  stm32f4xx_hal_msp.o(.text.HAL_I2C_MspInit)
    HAL_IncTick                              0x080047cd   Thumb Code    26  stm32f4xx_hal.o(.text.HAL_IncTick)
    HAL_Init                                 0x080047e9   Thumb Code    54  stm32f4xx_hal.o(.text.HAL_Init)
    HAL_InitTick                             0x08004821   Thumb Code   112  stm32f4xx_hal.o(.text.HAL_InitTick)
    HAL_MspInit                              0x08004891   Thumb Code    74  stm32f4xx_hal_msp.o(.text.HAL_MspInit)
    HAL_NVIC_DisableIRQ                      0x080048dd   Thumb Code    20  stm32f4xx_hal_cortex.o(.text.HAL_NVIC_DisableIRQ)
    HAL_NVIC_EnableIRQ                       0x080048f1   Thumb Code    20  stm32f4xx_hal_cortex.o(.text.HAL_NVIC_EnableIRQ)
    HAL_NVIC_SetPriority                     0x08004905   Thumb Code    50  stm32f4xx_hal_cortex.o(.text.HAL_NVIC_SetPriority)
    HAL_NVIC_SetPriorityGrouping             0x08004939   Thumb Code    16  stm32f4xx_hal_cortex.o(.text.HAL_NVIC_SetPriorityGrouping)
    HAL_PWR_EnterSTANDBYMode                 0x08004949   Thumb Code    36  stm32f4xx_hal_pwr.o(.text.HAL_PWR_EnterSTANDBYMode)
    HAL_RCC_ClockConfig                      0x0800496d   Thumb Code   610  stm32f4xx_hal_rcc.o(.text.HAL_RCC_ClockConfig)
    HAL_RCC_GetHCLKFreq                      0x08004bd1   Thumb Code    12  stm32f4xx_hal_rcc.o(.text.HAL_RCC_GetHCLKFreq)
    HAL_RCC_GetPCLK1Freq                     0x08004bdd   Thumb Code    34  stm32f4xx_hal_rcc.o(.text.HAL_RCC_GetPCLK1Freq)
    HAL_RCC_GetPCLK2Freq                     0x08004c01   Thumb Code    34  stm32f4xx_hal_rcc.o(.text.HAL_RCC_GetPCLK2Freq)
    HAL_RCC_GetSysClockFreq                  0x08004c25   Thumb Code   230  stm32f4xx_hal_rcc.o(.text.HAL_RCC_GetSysClockFreq)
    HAL_RCC_OscConfig                        0x08004d0d   Thumb Code  1726  stm32f4xx_hal_rcc.o(.text.HAL_RCC_OscConfig)
    HAL_SPI_Init                             0x080053cd   Thumb Code   258  stm32f4xx_hal_spi.o(.text.HAL_SPI_Init)
    HAL_SPI_MspInit                          0x080054d1   Thumb Code   142  stm32f4xx_hal_msp.o(.text.HAL_SPI_MspInit)
    HAL_SPI_TransmitReceive                  0x08005561   Thumb Code   930  stm32f4xx_hal_spi.o(.text.HAL_SPI_TransmitReceive)
    HAL_SYSTICK_Config                       0x08005905   Thumb Code    16  stm32f4xx_hal_cortex.o(.text.HAL_SYSTICK_Config)
    HAL_TIMEx_BreakCallback                  0x08005915   Thumb Code     8  stm32f4xx_hal_tim_ex.o(.text.HAL_TIMEx_BreakCallback)
    HAL_TIMEx_CommutCallback                 0x0800591d   Thumb Code     8  stm32f4xx_hal_tim_ex.o(.text.HAL_TIMEx_CommutCallback)
    HAL_TIMEx_MasterConfigSynchronization    0x08005925   Thumb Code   254  stm32f4xx_hal_tim_ex.o(.text.HAL_TIMEx_MasterConfigSynchronization)
    HAL_TIM_Base_Init                        0x08005a25   Thumb Code   156  stm32f4xx_hal_tim.o(.text.HAL_TIM_Base_Init)
    HAL_TIM_Base_MspInit                     0x08005ac1   Thumb Code   136  stm32f4xx_hal_msp.o(.text.HAL_TIM_Base_MspInit)
    HAL_TIM_Base_Start_IT                    0x08005b49   Thumb Code   210  stm32f4xx_hal_tim.o(.text.HAL_TIM_Base_Start_IT)
    HAL_TIM_Base_Stop_IT                     0x08005c1d   Thumb Code    82  stm32f4xx_hal_tim.o(.text.HAL_TIM_Base_Stop_IT)
    HAL_TIM_ConfigClockSource                0x08005c71   Thumb Code   388  stm32f4xx_hal_tim.o(.text.HAL_TIM_ConfigClockSource)
    HAL_TIM_IC_CaptureCallback               0x08005df5   Thumb Code     8  stm32f4xx_hal_tim.o(.text.HAL_TIM_IC_CaptureCallback)
    HAL_TIM_IRQHandler                       0x08005dfd   Thumb Code   538  stm32f4xx_hal_tim.o(.text.HAL_TIM_IRQHandler)
    HAL_TIM_MspPostInit                      0x08006019   Thumb Code   106  stm32f4xx_hal_msp.o(.text.HAL_TIM_MspPostInit)
    HAL_TIM_OC_DelayElapsedCallback          0x08006085   Thumb Code     8  stm32f4xx_hal_tim.o(.text.HAL_TIM_OC_DelayElapsedCallback)
    HAL_TIM_PWM_ConfigChannel                0x0800608d   Thumb Code   322  stm32f4xx_hal_tim.o(.text.HAL_TIM_PWM_ConfigChannel)
    HAL_TIM_PWM_Init                         0x080061d1   Thumb Code   156  stm32f4xx_hal_tim.o(.text.HAL_TIM_PWM_Init)
    HAL_TIM_PWM_MspInit                      0x0800626d   Thumb Code     8  stm32f4xx_hal_tim.o(.text.HAL_TIM_PWM_MspInit)
    HAL_TIM_PWM_PulseFinishedCallback        0x08006275   Thumb Code     8  stm32f4xx_hal_tim.o(.text.HAL_TIM_PWM_PulseFinishedCallback)
    HAL_TIM_PWM_Start                        0x0800627d   Thumb Code   384  stm32f4xx_hal_tim.o(.text.HAL_TIM_PWM_Start)
    HAL_TIM_PWM_Stop                         0x080063fd   Thumb Code   226  stm32f4xx_hal_tim.o(.text.HAL_TIM_PWM_Stop)
    HAL_TIM_PeriodElapsedCallback            0x080064e1   Thumb Code   360  main.o(.text.HAL_TIM_PeriodElapsedCallback)
    HAL_TIM_TriggerCallback                  0x08006655   Thumb Code     8  stm32f4xx_hal_tim.o(.text.HAL_TIM_TriggerCallback)
    HAL_UARTEx_ReceiveToIdle_DMA             0x0800665d   Thumb Code   184  stm32f4xx_hal_uart.o(.text.HAL_UARTEx_ReceiveToIdle_DMA)
    HAL_UARTEx_RxEventCallback               0x08006715   Thumb Code   254  main.o(.text.HAL_UARTEx_RxEventCallback)
    HAL_UART_ErrorCallback                   0x08006815   Thumb Code    52  main.o(.text.HAL_UART_ErrorCallback)
    HAL_UART_IRQHandler                      0x08006849   Thumb Code  1116  stm32f4xx_hal_uart.o(.text.HAL_UART_IRQHandler)
    HAL_UART_Init                            0x08006ca5   Thumb Code   158  stm32f4xx_hal_uart.o(.text.HAL_UART_Init)
    HAL_UART_MspInit                         0x08006d45   Thumb Code   470  stm32f4xx_hal_msp.o(.text.HAL_UART_MspInit)
    HAL_UART_Receive_DMA                     0x08006f1d   Thumb Code    86  stm32f4xx_hal_uart.o(.text.HAL_UART_Receive_DMA)
    HAL_UART_RxCpltCallback                  0x08006f75   Thumb Code     8  stm32f4xx_hal_uart.o(.text.HAL_UART_RxCpltCallback)
    HAL_UART_RxHalfCpltCallback              0x08006f7d   Thumb Code     8  stm32f4xx_hal_uart.o(.text.HAL_UART_RxHalfCpltCallback)
    HAL_UART_TxCpltCallback                  0x08006f85   Thumb Code     8  stm32f4xx_hal_uart.o(.text.HAL_UART_TxCpltCallback)
    HardFault_Handler                        0x08006f8d   Thumb Code     4  stm32f4xx_it.o(.text.HardFault_Handler)
    IIC_Read_One_Byte                        0x080077a1   Thumb Code    62  mpu6050.o(.text.IIC_Read_One_Byte)
    IIC_Write_One_Byte                       0x080077e1   Thumb Code    84  mpu6050.o(.text.IIC_Write_One_Byte)
    LowPowerMode                             0x08007835   Thumb Code   122  main.o(.text.LowPowerMode)
    MemManage_Handler                        0x08007da5   Thumb Code     4  stm32f4xx_it.o(.text.MemManage_Handler)
    MotorControl                             0x08007da9   Thumb Code   922  control.o(.text.MotorControl)
    MpuGetData                               0x08008145   Thumb Code   404  mpu6050.o(.text.MpuGetData)
    MpuGetOffset                             0x080082e1   Thumb Code   468  mpu6050.o(.text.MpuGetOffset)
    MpuInit                                  0x080084b5   Thumb Code   252  mpu6050.o(.text.MpuInit)
    NMI_Handler                              0x080085b1   Thumb Code     4  stm32f4xx_it.o(.text.NMI_Handler)
    NRF24L01_Check                           0x080085b5   Thumb Code   124  nrf24l01.o(.text.NRF24L01_Check)
    NRF24L01_Read_Buf                        0x08008631   Thumb Code   116  nrf24l01.o(.text.NRF24L01_Read_Buf)
    NRF24L01_Read_Reg                        0x080086a5   Thumb Code    64  nrf24l01.o(.text.NRF24L01_Read_Reg)
    NRF24L01_RxPacket                        0x080086e5   Thumb Code   146  nrf24l01.o(.text.NRF24L01_RxPacket)
    NRF24L01_Write_Buf                       0x08008779   Thumb Code   114  nrf24l01.o(.text.NRF24L01_Write_Buf)
    NRF24L01_Write_Reg                       0x080087ed   Thumb Code    68  nrf24l01.o(.text.NRF24L01_Write_Reg)
    PendSV_Handler                           0x0800889d   Thumb Code     2  stm32f4xx_it.o(.text.PendSV_Handler)
    PilotLED                                 0x080088a1   Thumb Code   710  led.o(.text.PilotLED)
    Q_rsqrt                                  0x08008b69   Thumb Code    96  mymath.o(.text.Q_rsqrt)
    RC_Analy                                 0x08008bc9   Thumb Code   208  remote.o(.text.RC_Analy)
    RX_Mode                                  0x08008c99   Thumb Code   174  nrf24l01.o(.text.RX_Mode)
    SPIx_ReadWriteByte                       0x08008f41   Thumb Code    44  nrf24l01.o(.text.SPIx_ReadWriteByte)
    SPL06_001_get_calib_param                0x08008f6d   Thumb Code   628  spl06_001.o(.text.SPL06_001_get_calib_param)
    SPL06_001_get_pressure                   0x080091e1   Thumb Code   242  spl06_001.o(.text.SPL06_001_get_pressure)
    SPL06_001_get_raw_pressure               0x080092d5   Thumb Code   134  spl06_001.o(.text.SPL06_001_get_raw_pressure)
    SPL06_001_get_raw_temp                   0x0800935d   Thumb Code   144  spl06_001.o(.text.SPL06_001_get_raw_temp)
    SPL06_001_get_temperature                0x080093f1   Thumb Code   176  spl06_001.o(.text.SPL06_001_get_temperature)
    SPL06_001_init                           0x080094a9   Thumb Code   198  spl06_001.o(.text.SPL06_001_init)
    SPL06_001_read                           0x08009571   Thumb Code    62  spl06_001.o(.text.SPL06_001_read)
    SPL06_001_write                          0x080095b1   Thumb Code    62  spl06_001.o(.text.SPL06_001_write)
    SPL06_get_chip_id                        0x080095f1   Thumb Code    12  spl06_001.o(.text.SPL06_get_chip_id)
    SPL06_get_measure_status                 0x080095fd   Thumb Code    12  spl06_001.o(.text.SPL06_get_measure_status)
    SPL06_pressure_rate_config               0x08009609   Thumb Code   254  spl06_001.o(.text.SPL06_pressure_rate_config)
    SPL06_set_measure_mode                   0x08009709   Thumb Code    24  spl06_001.o(.text.SPL06_set_measure_mode)
    SPL06_temperature_rate_config            0x08009721   Thumb Code   266  spl06_001.o(.text.SPL06_temperature_rate_config)
    SVC_Handler                              0x0800982d   Thumb Code     2  stm32f4xx_it.o(.text.SVC_Handler)
    SysTick_Handler                          0x08009885   Thumb Code     8  stm32f4xx_it.o(.text.SysTick_Handler)
    SystemClock_Config                       0x0800988d   Thumb Code   182  main.o(.text.SystemClock_Config)
    SystemInit                               0x08009945   Thumb Code    18  system_stm32f4xx.o(.text.SystemInit)
    TIM1_UP_TIM10_IRQHandler                 0x08009959   Thumb Code    16  stm32f4xx_it.o(.text.TIM1_UP_TIM10_IRQHandler)
    TIM_Base_SetConfig                       0x08009969   Thumb Code   324  stm32f4xx_hal_tim.o(.text.TIM_Base_SetConfig)
    TIM_CCxChannelCmd                        0x08009aad   Thumb Code    54  stm32f4xx_hal_tim.o(.text.TIM_CCxChannelCmd)
    TIM_ETR_SetConfig                        0x08009ae5   Thumb Code    52  stm32f4xx_hal_tim.o(.text.TIM_ETR_SetConfig)
    TIM_OC2_SetConfig                        0x08009c11   Thumb Code   212  stm32f4xx_hal_tim.o(.text.TIM_OC2_SetConfig)
    UART_Start_Receive_DMA                   0x0800a449   Thumb Code   304  stm32f4xx_hal_uart.o(.text.UART_Start_Receive_DMA)
    USART1_IRQHandler                        0x0800a60d   Thumb Code    16  stm32f4xx_it.o(.text.USART1_IRQHandler)
    USART2_IRQHandler                        0x0800a61d   Thumb Code    16  stm32f4xx_it.o(.text.USART2_IRQHandler)
    UsageFault_Handler                       0x0800a62d   Thumb Code     4  stm32f4xx_it.o(.text.UsageFault_Handler)
    User_Data_Load_All                       0x0800a631   Thumb Code   228  flash.o(.text.User_Data_Load_All)
    User_Data_Save_All                       0x0800a715   Thumb Code   206  flash.o(.text.User_Data_Save_All)
    fputc                                    0x0800a8dd   Thumb Code    30  uart.o(.text.fputc)
    kalman_1                                 0x0800a8fd   Thumb Code   108  kalman.o(.text.kalman_1)
    main                                     0x0800a969   Thumb Code   752  main.o(.text.main)
    pidRest                                  0x0800ac59   Thumb Code    98  pid.o(.text.pidRest)
    pidUpdate                                0x0800acbd   Thumb Code   148  pid.o(.text.pidUpdate)
    pid_param_Init                           0x0800ad51   Thumb Code   130  all_data.o(.text.pid_param_Init)
    remote_unlock                            0x0800add5   Thumb Code   468  remote.o(.text.remote_unlock)
    send_char                                0x0800afa9   Thumb Code    40  uart.o(.text.send_char)
    send_char_array                          0x0800afd1   Thumb Code    66  uart.o(.text.send_char_array)
    user_SPL06_001_get_presure               0x0800b015   Thumb Code    12  spl06_001.o(.text.user_SPL06_001_get_presure)
    user_SPL06_001_get_temperature           0x0800b021   Thumb Code    12  spl06_001.o(.text.user_SPL06_001_get_temperature)
    __0printf                                0x0800b02d   Thumb Code    22  printfa.o(i.__0printf)
    __1printf                                0x0800b02d   Thumb Code     0  printfa.o(i.__0printf)
    __2printf                                0x0800b02d   Thumb Code     0  printfa.o(i.__0printf)
    __c89printf                              0x0800b02d   Thumb Code     0  printfa.o(i.__0printf)
    printf                                   0x0800b02d   Thumb Code     0  printfa.o(i.__0printf)
    __ARM_fpclassify                         0x0800b04d   Thumb Code    48  fpclassify.o(i.__ARM_fpclassify)
    __hardfp_asin                            0x0800b081   Thumb Code   770  asin.o(i.__hardfp_asin)
    __hardfp_atan                            0x0800b3e1   Thumb Code   622  atan.o(i.__hardfp_atan)
    __hardfp_atan2                           0x0800b6b9   Thumb Code   448  atan2.o(i.__hardfp_atan2)
    __kernel_poly                            0x0800b8b9   Thumb Code   248  poly.o(i.__kernel_poly)
    __mathlib_dbl_infnan                     0x0800b9b1   Thumb Code    20  dunder.o(i.__mathlib_dbl_infnan)
    __mathlib_dbl_infnan2                    0x0800b9c5   Thumb Code    20  dunder.o(i.__mathlib_dbl_infnan2)
    __mathlib_dbl_invalid                    0x0800b9d9   Thumb Code    24  dunder.o(i.__mathlib_dbl_invalid)
    __mathlib_dbl_underflow                  0x0800b9f9   Thumb Code    24  dunder.o(i.__mathlib_dbl_underflow)
    __scatterload_copy                       0x0800ba19   Thumb Code    14  handlers.o(i.__scatterload_copy)
    __scatterload_null                       0x0800ba27   Thumb Code     2  handlers.o(i.__scatterload_null)
    __scatterload_zeroinit                   0x0800ba29   Thumb Code    14  handlers.o(i.__scatterload_zeroinit)
    __set_errno                              0x0800ba39   Thumb Code     6  errno.o(i.__set_errno)
    atan                                     0x0800c2f7   Thumb Code    16  atan.o(i.atan)
    fabs                                     0x0800c307   Thumb Code    24  fabs.o(i.fabs)
    sqrt                                     0x0800c31f   Thumb Code   110  sqrt.o(i.sqrt)
    __mathlib_zero                           0x0800c478   Data           8  qnan.o(.constdata)
    AHBPrescTable                            0x0800c480   Data          16  system_stm32f4xx.o(.rodata.AHBPrescTable)
    APBPrescTable                            0x0800c490   Data           8  system_stm32f4xx.o(.rodata.APBPrescTable)
    Gyro_G                                   0x0800c4a0   Data           4  mymath.o(.rodata.Gyro_G)
    Gyro_Gr                                  0x0800c4a4   Data           4  mymath.o(.rodata.Gyro_Gr)
    RtA                                      0x0800c4a8   Data           4  mymath.o(.rodata.RtA)
    Region$$Table$$Base                      0x0800c4cc   Number         0  anon$$obj.o(Region$$Table)
    Region$$Table$$Limit                     0x0800c4ec   Number         0  anon$$obj.o(Region$$Table)
    __stdout                                 0x20000000   Data           4  stdout.o(.data)
    LED                                      0x20000024   Data           4  led.o(.data.LED)
    RX_ADDRESS                               0x20000074   Data           5  nrf24l01.o(.data.RX_ADDRESS)
    SystemCoreClock                          0x2000007c   Data           4  system_stm32f4xx.o(.data.SystemCoreClock)
    TX_ADDRESS                               0x20000080   Data           5  nrf24l01.o(.data.TX_ADDRESS)
    nrf2401_tx_flag                          0x20000085   Data           1  main.o(.data.nrf2401_tx_flag)
    nrf2401_txbuf                            0x20000086   Data          33  main.o(.data.nrf2401_txbuf)
    pFlash                                   0x200000a8   Data          32  stm32f4xx_hal_flash.o(.data.pFlash)
    pPidObject                               0x200000cc   Data          32  control.o(.data.pPidObject)
    uwTickFreq                               0x2000010d   Data           1  stm32f4xx_hal.o(.data.uwTickFreq)
    uwTickPrio                               0x20000110   Data           4  stm32f4xx_hal.o(.data.uwTickPrio)
    AK8975                                   0x20000118   Data           6  all_data.o(.bss.AK8975)
    ALL_flag                                 0x2000011e   Data           4  all_data.o(.bss.ALL_flag)
    Angle                                    0x20000124   Data          12  all_data.o(.bss.Angle)
    MPU6050                                  0x20000164   Data          12  all_data.o(.bss.MPU6050)
    MpuOffset                                0x2000018a   Data          12  mpu6050.o(.bss.MpuOffset)
    RC_rxData                                0x200001dc   Data          32  remote.o(.bss.RC_rxData)
    Remote                                   0x20000210   Data          16  all_data.o(.bss.Remote)
    SPL06                                    0x20000220   Data          20  spl06_001.o(.bss.SPL06)
    SPL06_cnt                                0x2000024c   Data           1  main.o(.bss.SPL06_cnt)
    SPL06_flag                               0x2000024d   Data           1  main.o(.bss.SPL06_flag)
    baro_height                              0x20000250   Data           4  main.o(.bss.baro_height)
    hadc1                                    0x20000254   Data          72  main.o(.bss.hadc1)
    hdma_usart1_rx                           0x2000029c   Data          96  main.o(.bss.hdma_usart1_rx)
    hdma_usart2_rx                           0x200002fc   Data          96  main.o(.bss.hdma_usart2_rx)
    hi2c1                                    0x2000035c   Data          84  main.o(.bss.hi2c1)
    hspi1                                    0x200003b0   Data          88  main.o(.bss.hspi1)
    htim1                                    0x20000408   Data          72  main.o(.bss.htim1)
    htim3                                    0x20000450   Data          72  main.o(.bss.htim3)
    huart1                                   0x20000498   Data          72  main.o(.bss.huart1)
    huart2                                   0x200004e0   Data          72  main.o(.bss.huart2)
    low_power_tick                           0x20000528   Data           4  main.o(.bss.low_power_tick)
    motor                                    0x2000052c   Data           8  control.o(.bss.motor)
    mpu_cal_flag                             0x20000534   Data           1  ano_dt.o(.bss.mpu_cal_flag)
    mpu_flag                                 0x20000535   Data           1  main.o(.bss.mpu_flag)
    nrf_addr_init                            0x20000536   Data           1  main.o(.bss.nrf_addr_init)
    nrf_cnt                                  0x20000538   Data           2  remote.o(.bss.nrf_cnt)
    pidHeightHigh                            0x2000053c   Data          52  all_data.o(.bss.pidHeightHigh)
    pidHeightRate                            0x20000570   Data          52  all_data.o(.bss.pidHeightRate)
    pidPitch                                 0x200005a4   Data          52  all_data.o(.bss.pidPitch)
    pidRateX                                 0x200005d8   Data          52  all_data.o(.bss.pidRateX)
    pidRateY                                 0x2000060c   Data          52  all_data.o(.bss.pidRateY)
    pidRateZ                                 0x20000640   Data          52  all_data.o(.bss.pidRateZ)
    pidRoll                                  0x20000674   Data          52  all_data.o(.bss.pidRoll)
    pidYaw                                   0x200006a8   Data          52  all_data.o(.bss.pidYaw)
    presure                                  0x200006dc   Data           4  main.o(.bss.presure)
    temperature                              0x200006e4   Data           4  main.o(.bss.temperature)
    txbuf_pos                                0x200006e8   Data           1  main.o(.bss.txbuf_pos)
    uart1_rx_buff                            0x200006e9   Data         128  main.o(.bss.uart1_rx_buff)
    uart1_rx_len                             0x20000769   Data           1  main.o(.bss.uart1_rx_len)
    uart1_rx_temp                            0x2000076a   Data         128  main.o(.bss.uart1_rx_temp)
    uart2_buf_pos                            0x200007ea   Data           1  main.o(.bss.uart2_buf_pos)
    uart2_flag                               0x200007eb   Data           1  main.o(.bss.uart2_flag)
    uart2_rxbuf                              0x200007ec   Data         100  main.o(.bss.uart2_rxbuf)
    uwTick                                   0x20000850   Data           4  stm32f4xx_hal.o(.bss.uwTick)
    volt_cnt                                 0x20000854   Data           1  main.o(.bss.volt_cnt)
    voltage                                  0x20000856   Data           2  main.o(.bss.voltage)
    __initial_sp                             0x20000c58   Data           0  startup_stm32f401xc.o(STACK)



==============================================================================

Memory Map of the image

  Image Entry point : 0x08000195

  Load Region LR_IROM1 (Base: 0x08000000, Size: 0x0000c608, Max: 0x00040000, ABSOLUTE)

    Execution Region ER_IROM1 (Exec base: 0x08000000, Load base: 0x08000000, Size: 0x0000c4ec, Max: 0x00040000, ABSOLUTE)

    Exec Addr    Load Addr    Size         Type   Attr      Idx    E Section Name        Object

    0x08000000   0x08000000   0x00000194   Data   RO            3    RESET               startup_stm32f401xc.o
    0x08000194   0x08000194   0x00000000   Code   RO         1962  * .ARM.Collect$$$$00000000  mc_w.l(entry.o)
    0x08000194   0x08000194   0x00000004   Code   RO         2076    .ARM.Collect$$$$00000001  mc_w.l(entry2.o)
    0x08000198   0x08000198   0x00000004   Code   RO         2079    .ARM.Collect$$$$00000004  mc_w.l(entry5.o)
    0x0800019c   0x0800019c   0x00000000   Code   RO         2081    .ARM.Collect$$$$00000008  mc_w.l(entry7b.o)
    0x0800019c   0x0800019c   0x00000000   Code   RO         2083    .ARM.Collect$$$$0000000A  mc_w.l(entry8b.o)
    0x0800019c   0x0800019c   0x00000008   Code   RO         2084    .ARM.Collect$$$$0000000B  mc_w.l(entry9a.o)
    0x080001a4   0x080001a4   0x00000000   Code   RO         2086    .ARM.Collect$$$$0000000D  mc_w.l(entry10a.o)
    0x080001a4   0x080001a4   0x00000000   Code   RO         2088    .ARM.Collect$$$$0000000F  mc_w.l(entry11a.o)
    0x080001a4   0x080001a4   0x00000004   Code   RO         2077    .ARM.Collect$$$$00002712  mc_w.l(entry2.o)
    0x080001a8   0x080001a8   0x00000024   Code   RO            4    .text               startup_stm32f401xc.o
    0x080001cc   0x080001cc   0x00000062   Code   RO         1965    .text               mc_w.l(uldiv.o)
    0x0800022e   0x0800022e   0x00000024   Code   RO         1967    .text               mc_w.l(memcpya.o)
    0x08000252   0x08000252   0x00000024   Code   RO         1969    .text               mc_w.l(memseta.o)
    0x08000276   0x08000276   0x0000014e   Code   RO         2001    .text               mf_w.l(dadd.o)
    0x080003c4   0x080003c4   0x000000e4   Code   RO         2003    .text               mf_w.l(dmul.o)
    0x080004a8   0x080004a8   0x000000de   Code   RO         2005    .text               mf_w.l(ddiv.o)
    0x08000586   0x08000586   0x00000022   Code   RO         2007    .text               mf_w.l(dflti.o)
    0x080005a8   0x080005a8   0x00000026   Code   RO         2009    .text               mf_w.l(f2d.o)
    0x080005ce   0x080005ce   0x00000038   Code   RO         2011    .text               mf_w.l(d2f.o)
    0x08000606   0x08000606   0x0000002c   Code   RO         2100    .text               mc_w.l(uidiv.o)
    0x08000632   0x08000632   0x0000001e   Code   RO         2102    .text               mc_w.l(llshl.o)
    0x08000650   0x08000650   0x00000020   Code   RO         2104    .text               mc_w.l(llushr.o)
    0x08000670   0x08000670   0x00000024   Code   RO         2106    .text               mc_w.l(llsshr.o)
    0x08000694   0x08000694   0x00000000   Code   RO         2115    .text               mc_w.l(iusefp.o)
    0x08000694   0x08000694   0x0000006e   Code   RO         2116    .text               mf_w.l(fepilogue.o)
    0x08000702   0x08000702   0x000000ba   Code   RO         2118    .text               mf_w.l(depilogue.o)
    0x080007bc   0x080007bc   0x00000030   Code   RO         2122    .text               mf_w.l(dfixul.o)
    0x080007ec   0x080007ec   0x00000030   Code   RO         2124    .text               mf_w.l(cdcmple.o)
    0x0800081c   0x0800081c   0x00000030   Code   RO         2126    .text               mf_w.l(cdrcmple.o)
    0x0800084c   0x0800084c   0x00000030   Code   RO         2128    .text               mc_w.l(init.o)
    0x0800087c   0x0800087c   0x000000a2   Code   RO         2130    .text               mf_w.l(dsqrt.o)
    0x0800091e   0x0800091e   0x00000002   PAD
    0x08000920   0x08000920   0x00000010   Code   RO          106    .text.ADC_IRQHandler  stm32f4xx_it.o
    0x08000930   0x08000930   0x0000018a   Code   RO          602    .text.ADC_Init      stm32f4xx_hal_adc.o
    0x08000aba   0x08000aba   0x00000002   PAD
    0x08000abc   0x08000abc   0x00000614   Code   RO          290    .text.ANO_Recive    ano_dt.o
    0x080010d0   0x080010d0   0x000004d0   Code   RO          292    .text.ANTO_Send     ano_dt.o
    0x080015a0   0x080015a0   0x0000041c   Code   RO          294    .text.ANTO_polling  ano_dt.o
    0x080019bc   0x080019bc   0x00000004   Code   RO           92    .text.BusFault_Handler  stm32f4xx_it.o
    0x080019c0   0x080019c0   0x0000002c   Code   RO          414    .text.CascadePID    pid.o
    0x080019ec   0x080019ec   0x00000010   Code   RO          104    .text.DMA1_Stream5_IRQHandler  stm32f4xx_it.o
    0x080019fc   0x080019fc   0x00000010   Code   RO          116    .text.DMA2_Stream2_IRQHandler  stm32f4xx_it.o
    0x08001a0c   0x08001a0c   0x00000056   Code   RO          884    .text.DMA_CalcBaseAndBitshift  stm32f4xx_hal_dma.o
    0x08001a62   0x08001a62   0x00000002   PAD
    0x08001a64   0x08001a64   0x000000f0   Code   RO          882    .text.DMA_CheckFifoParam  stm32f4xx_hal_dma.o
    0x08001b54   0x08001b54   0x00000050   Code   RO          890    .text.DMA_SetConfig  stm32f4xx_hal_dma.o
    0x08001ba4   0x08001ba4   0x00000002   Code   RO           98    .text.DebugMon_Handler  stm32f4xx_it.o
    0x08001ba6   0x08001ba6   0x00000002   PAD
    0x08001ba8   0x08001ba8   0x0000000c   Code   RO          114    .text.EXTI15_10_IRQHandler  stm32f4xx_it.o
    0x08001bb4   0x08001bb4   0x00000006   Code   RO           45    .text.Error_Handler  main.o
    0x08001bba   0x08001bba   0x00000002   PAD
    0x08001bbc   0x08001bbc   0x00000084   Code   RO          794    .text.FLASH_Erase_Sector  stm32f4xx_hal_flash_ex.o
    0x08001c40   0x08001c40   0x000000a2   Code   RO          796    .text.FLASH_FlushCaches  stm32f4xx_hal_flash_ex.o
    0x08001ce2   0x08001ce2   0x00000002   PAD
    0x08001ce4   0x08001ce4   0x00000034   Code   RO          792    .text.FLASH_MassErase  stm32f4xx_hal_flash_ex.o
    0x08001d18   0x08001d18   0x00000030   Code   RO          752    .text.FLASH_Program_Byte  stm32f4xx_hal_flash.o
    0x08001d48   0x08001d48   0x0000003c   Code   RO          758    .text.FLASH_Program_DoubleWord  stm32f4xx_hal_flash.o
    0x08001d84   0x08001d84   0x00000034   Code   RO          754    .text.FLASH_Program_HalfWord  stm32f4xx_hal_flash.o
    0x08001db8   0x08001db8   0x00000030   Code   RO          756    .text.FLASH_Program_Word  stm32f4xx_hal_flash.o
    0x08001de8   0x08001de8   0x00000124   Code   RO          764    .text.FLASH_SetErrorCode  stm32f4xx_hal_flash.o
    0x08001f0c   0x08001f0c   0x000000a4   Code   RO          750    .text.FLASH_WaitForLastOperation  stm32f4xx_hal_flash.o
    0x08001fb0   0x08001fb0   0x00000036   Code   RO          244    .text.Flash_Erase_Sector5  flash.o
    0x08001fe6   0x08001fe6   0x00000002   PAD
    0x08001fe8   0x08001fe8   0x00000038   Code   RO          254    .text.Flash_Load_RxAddress  flash.o
    0x08002020   0x08002020   0x00000046   Code   RO          248    .text.Flash_Read_Data  flash.o
    0x08002066   0x08002066   0x00000002   PAD
    0x08002068   0x08002068   0x0000005a   Code   RO          246    .text.Flash_Write_Data  flash.o
    0x080020c2   0x080020c2   0x00000002   PAD
    0x080020c4   0x080020c4   0x000001e6   Code   RO          314    .text.FlightPidControl  control.o
    0x080022aa   0x080022aa   0x00000002   PAD
    0x080022ac   0x080022ac   0x000005d6   Code   RO          423    .text.GetAngle      imu.o
    0x08002882   0x08002882   0x00000002   PAD
    0x08002884   0x08002884   0x00000008   Code   RO          681    .text.HAL_ADCEx_InjectedConvCpltCallback  stm32f4xx_hal_adc_ex.o
    0x0800288c   0x0800288c   0x00000218   Code   RO          642    .text.HAL_ADC_ConfigChannel  stm32f4xx_hal_adc.o
    0x08002aa4   0x08002aa4   0x0000005a   Code   RO           19    .text.HAL_ADC_ConvCpltCallback  main.o
    0x08002afe   0x08002afe   0x00000002   PAD
    0x08002b00   0x08002b00   0x00000008   Code   RO          626    .text.HAL_ADC_ErrorCallback  stm32f4xx_hal_adc.o
    0x08002b08   0x08002b08   0x0000000e   Code   RO          638    .text.HAL_ADC_GetValue  stm32f4xx_hal_adc.o
    0x08002b16   0x08002b16   0x00000002   PAD
    0x08002b18   0x08002b18   0x0000021c   Code   RO          620    .text.HAL_ADC_IRQHandler  stm32f4xx_hal_adc.o
    0x08002d34   0x08002d34   0x000000a8   Code   RO          598    .text.HAL_ADC_Init  stm32f4xx_hal_adc.o
    0x08002ddc   0x08002ddc   0x00000008   Code   RO          624    .text.HAL_ADC_LevelOutOfWindowCallback  stm32f4xx_hal_adc.o
    0x08002de4   0x08002de4   0x0000009a   Code   RO          127    .text.HAL_ADC_MspInit  stm32f4xx_hal_msp.o
    0x08002e7e   0x08002e7e   0x00000002   PAD
    0x08002e80   0x08002e80   0x00000186   Code   RO          616    .text.HAL_ADC_Start_IT  stm32f4xx_hal_adc.o
    0x08003006   0x08003006   0x00000002   PAD
    0x08003008   0x08003008   0x0000007e   Code   RO          618    .text.HAL_ADC_Stop_IT  stm32f4xx_hal_adc.o
    0x08003086   0x08003086   0x00000002   PAD
    0x08003088   0x08003088   0x000000ec   Code   RO          894    .text.HAL_DMA_Abort  stm32f4xx_hal_dma.o
    0x08003174   0x08003174   0x00000044   Code   RO          896    .text.HAL_DMA_Abort_IT  stm32f4xx_hal_dma.o
    0x080031b8   0x080031b8   0x0000031e   Code   RO          900    .text.HAL_DMA_IRQHandler  stm32f4xx_hal_dma.o
    0x080034d6   0x080034d6   0x00000002   PAD
    0x080034d8   0x080034d8   0x0000016e   Code   RO          880    .text.HAL_DMA_Init  stm32f4xx_hal_dma.o
    0x08003646   0x08003646   0x00000002   PAD
    0x08003648   0x08003648   0x000000c2   Code   RO          892    .text.HAL_DMA_Start_IT  stm32f4xx_hal_dma.o
    0x0800370a   0x0800370a   0x00000002   PAD
    0x0800370c   0x0800370c   0x00000042   Code   RO         1083    .text.HAL_Delay     stm32f4xx_hal.o
    0x0800374e   0x0800374e   0x00000002   PAD
    0x08003750   0x08003750   0x00000108   Code   RO          790    .text.HAL_FLASHEx_Erase  stm32f4xx_hal_flash_ex.o
    0x08003858   0x08003858   0x00000014   Code   RO          772    .text.HAL_FLASH_Lock  stm32f4xx_hal_flash.o
    0x0800386c   0x0800386c   0x000000d2   Code   RO          748    .text.HAL_FLASH_Program  stm32f4xx_hal_flash.o
    0x0800393e   0x0800393e   0x00000002   PAD
    0x08003940   0x08003940   0x00000056   Code   RO          770    .text.HAL_FLASH_Unlock  stm32f4xx_hal_flash.o
    0x08003996   0x08003996   0x00000002   PAD
    0x08003998   0x08003998   0x00000074   Code   RO           17    .text.HAL_GPIO_EXTI_Callback  main.o
    0x08003a0c   0x08003a0c   0x00000038   Code   RO          854    .text.HAL_GPIO_EXTI_IRQHandler  stm32f4xx_hal_gpio.o
    0x08003a44   0x08003a44   0x00000362   Code   RO          842    .text.HAL_GPIO_Init  stm32f4xx_hal_gpio.o
    0x08003da6   0x08003da6   0x00000002   PAD
    0x08003da8   0x08003da8   0x0000002e   Code   RO          846    .text.HAL_GPIO_ReadPin  stm32f4xx_hal_gpio.o
    0x08003dd6   0x08003dd6   0x00000002   PAD
    0x08003dd8   0x08003dd8   0x00000026   Code   RO          850    .text.HAL_GPIO_TogglePin  stm32f4xx_hal_gpio.o
    0x08003dfe   0x08003dfe   0x00000002   PAD
    0x08003e00   0x08003e00   0x0000002e   Code   RO          848    .text.HAL_GPIO_WritePin  stm32f4xx_hal_gpio.o
    0x08003e2e   0x08003e2e   0x00000002   PAD
    0x08003e30   0x08003e30   0x0000000c   Code   RO         1075    .text.HAL_GetTick   stm32f4xx_hal.o
    0x08003e3c   0x08003e3c   0x000002a4   Code   RO         1152    .text.HAL_I2C_Init  stm32f4xx_hal_i2c.o
    0x080040e0   0x080040e0   0x00000448   Code   RO         1206    .text.HAL_I2C_Mem_Read  stm32f4xx_hal_i2c.o
    0x08004528   0x08004528   0x00000214   Code   RO         1202    .text.HAL_I2C_Mem_Write  stm32f4xx_hal_i2c.o
    0x0800473c   0x0800473c   0x00000090   Code   RO          131    .text.HAL_I2C_MspInit  stm32f4xx_hal_msp.o
    0x080047cc   0x080047cc   0x0000001a   Code   RO         1073    .text.HAL_IncTick   stm32f4xx_hal.o
    0x080047e6   0x080047e6   0x00000002   PAD
    0x080047e8   0x080047e8   0x00000036   Code   RO         1063    .text.HAL_Init      stm32f4xx_hal.o
    0x0800481e   0x0800481e   0x00000002   PAD
    0x08004820   0x08004820   0x00000070   Code   RO         1065    .text.HAL_InitTick  stm32f4xx_hal.o
    0x08004890   0x08004890   0x0000004a   Code   RO          125    .text.HAL_MspInit   stm32f4xx_hal_msp.o
    0x080048da   0x080048da   0x00000002   PAD
    0x080048dc   0x080048dc   0x00000014   Code   RO         1002    .text.HAL_NVIC_DisableIRQ  stm32f4xx_hal_cortex.o
    0x080048f0   0x080048f0   0x00000014   Code   RO          998    .text.HAL_NVIC_EnableIRQ  stm32f4xx_hal_cortex.o
    0x08004904   0x08004904   0x00000032   Code   RO          990    .text.HAL_NVIC_SetPriority  stm32f4xx_hal_cortex.o
    0x08004936   0x08004936   0x00000002   PAD
    0x08004938   0x08004938   0x00000010   Code   RO          986    .text.HAL_NVIC_SetPriorityGrouping  stm32f4xx_hal_cortex.o
    0x08004948   0x08004948   0x00000024   Code   RO          938    .text.HAL_PWR_EnterSTANDBYMode  stm32f4xx_hal_pwr.o
    0x0800496c   0x0800496c   0x00000262   Code   RO          698    .text.HAL_RCC_ClockConfig  stm32f4xx_hal_rcc.o
    0x08004bce   0x08004bce   0x00000002   PAD
    0x08004bd0   0x08004bd0   0x0000000c   Code   RO          708    .text.HAL_RCC_GetHCLKFreq  stm32f4xx_hal_rcc.o
    0x08004bdc   0x08004bdc   0x00000022   Code   RO          710    .text.HAL_RCC_GetPCLK1Freq  stm32f4xx_hal_rcc.o
    0x08004bfe   0x08004bfe   0x00000002   PAD
    0x08004c00   0x08004c00   0x00000022   Code   RO          712    .text.HAL_RCC_GetPCLK2Freq  stm32f4xx_hal_rcc.o
    0x08004c22   0x08004c22   0x00000002   PAD
    0x08004c24   0x08004c24   0x000000e6   Code   RO          700    .text.HAL_RCC_GetSysClockFreq  stm32f4xx_hal_rcc.o
    0x08004d0a   0x08004d0a   0x00000002   PAD
    0x08004d0c   0x08004d0c   0x000006be   Code   RO          696    .text.HAL_RCC_OscConfig  stm32f4xx_hal_rcc.o
    0x080053ca   0x080053ca   0x00000002   PAD
    0x080053cc   0x080053cc   0x00000102   Code   RO         1334    .text.HAL_SPI_Init  stm32f4xx_hal_spi.o
    0x080054ce   0x080054ce   0x00000002   PAD
    0x080054d0   0x080054d0   0x0000008e   Code   RO          135    .text.HAL_SPI_MspInit  stm32f4xx_hal_msp.o
    0x0800555e   0x0800555e   0x00000002   PAD
    0x08005560   0x08005560   0x000003a2   Code   RO         1348    .text.HAL_SPI_TransmitReceive  stm32f4xx_hal_spi.o
    0x08005902   0x08005902   0x00000002   PAD
    0x08005904   0x08005904   0x00000010   Code   RO         1010    .text.HAL_SYSTICK_Config  stm32f4xx_hal_cortex.o
    0x08005914   0x08005914   0x00000008   Code   RO         1774    .text.HAL_TIMEx_BreakCallback  stm32f4xx_hal_tim_ex.o
    0x0800591c   0x0800591c   0x00000008   Code   RO         1770    .text.HAL_TIMEx_CommutCallback  stm32f4xx_hal_tim_ex.o
    0x08005924   0x08005924   0x000000fe   Code   RO         1764    .text.HAL_TIMEx_MasterConfigSynchronization  stm32f4xx_hal_tim_ex.o
    0x08005a22   0x08005a22   0x00000002   PAD
    0x08005a24   0x08005a24   0x0000009c   Code   RO         1451    .text.HAL_TIM_Base_Init  stm32f4xx_hal_tim.o
    0x08005ac0   0x08005ac0   0x00000088   Code   RO          139    .text.HAL_TIM_Base_MspInit  stm32f4xx_hal_msp.o
    0x08005b48   0x08005b48   0x000000d2   Code   RO         1465    .text.HAL_TIM_Base_Start_IT  stm32f4xx_hal_tim.o
    0x08005c1a   0x08005c1a   0x00000002   PAD
    0x08005c1c   0x08005c1c   0x00000052   Code   RO         1467    .text.HAL_TIM_Base_Stop_IT  stm32f4xx_hal_tim.o
    0x08005c6e   0x08005c6e   0x00000002   PAD
    0x08005c70   0x08005c70   0x00000184   Code   RO         1643    .text.HAL_TIM_ConfigClockSource  stm32f4xx_hal_tim.o
    0x08005df4   0x08005df4   0x00000008   Code   RO         1587    .text.HAL_TIM_IC_CaptureCallback  stm32f4xx_hal_tim.o
    0x08005dfc   0x08005dfc   0x0000021a   Code   RO         1585    .text.HAL_TIM_IRQHandler  stm32f4xx_hal_tim.o
    0x08006016   0x08006016   0x00000002   PAD
    0x08006018   0x08006018   0x0000006a   Code   RO          141    .text.HAL_TIM_MspPostInit  stm32f4xx_hal_msp.o
    0x08006082   0x08006082   0x00000002   PAD
    0x08006084   0x08006084   0x00000008   Code   RO         1589    .text.HAL_TIM_OC_DelayElapsedCallback  stm32f4xx_hal_tim.o
    0x0800608c   0x0800608c   0x00000142   Code   RO         1617    .text.HAL_TIM_PWM_ConfigChannel  stm32f4xx_hal_tim.o
    0x080061ce   0x080061ce   0x00000002   PAD
    0x080061d0   0x080061d0   0x0000009c   Code   RO         1505    .text.HAL_TIM_PWM_Init  stm32f4xx_hal_tim.o
    0x0800626c   0x0800626c   0x00000008   Code   RO         1507    .text.HAL_TIM_PWM_MspInit  stm32f4xx_hal_tim.o
    0x08006274   0x08006274   0x00000008   Code   RO         1591    .text.HAL_TIM_PWM_PulseFinishedCallback  stm32f4xx_hal_tim.o
    0x0800627c   0x0800627c   0x00000180   Code   RO         1513    .text.HAL_TIM_PWM_Start  stm32f4xx_hal_tim.o
    0x080063fc   0x080063fc   0x000000e2   Code   RO         1515    .text.HAL_TIM_PWM_Stop  stm32f4xx_hal_tim.o
    0x080064de   0x080064de   0x00000002   PAD
    0x080064e0   0x080064e0   0x00000174   Code   RO           15    .text.HAL_TIM_PeriodElapsedCallback  main.o
    0x08006654   0x08006654   0x00000008   Code   RO         1595    .text.HAL_TIM_TriggerCallback  stm32f4xx_hal_tim.o
    0x0800665c   0x0800665c   0x000000b8   Code   RO         1841    .text.HAL_UARTEx_ReceiveToIdle_DMA  stm32f4xx_hal_uart.o
    0x08006714   0x08006714   0x000000fe   Code   RO           11    .text.HAL_UARTEx_RxEventCallback  main.o
    0x08006812   0x08006812   0x00000002   PAD
    0x08006814   0x08006814   0x00000034   Code   RO           13    .text.HAL_UART_ErrorCallback  main.o
    0x08006848   0x08006848   0x0000045c   Code   RO         1871    .text.HAL_UART_IRQHandler  stm32f4xx_hal_uart.o
    0x08006ca4   0x08006ca4   0x0000009e   Code   RO         1787    .text.HAL_UART_Init  stm32f4xx_hal_uart.o
    0x08006d42   0x08006d42   0x00000002   PAD
    0x08006d44   0x08006d44   0x000001d6   Code   RO          145    .text.HAL_UART_MspInit  stm32f4xx_hal_msp.o
    0x08006f1a   0x08006f1a   0x00000002   PAD
    0x08006f1c   0x08006f1c   0x00000056   Code   RO         1823    .text.HAL_UART_Receive_DMA  stm32f4xx_hal_uart.o
    0x08006f72   0x08006f72   0x00000002   PAD
    0x08006f74   0x08006f74   0x00000008   Code   RO         1889    .text.HAL_UART_RxCpltCallback  stm32f4xx_hal_uart.o
    0x08006f7c   0x08006f7c   0x00000008   Code   RO         1891    .text.HAL_UART_RxHalfCpltCallback  stm32f4xx_hal_uart.o
    0x08006f84   0x08006f84   0x00000008   Code   RO         1885    .text.HAL_UART_TxCpltCallback  stm32f4xx_hal_uart.o
    0x08006f8c   0x08006f8c   0x00000004   Code   RO           88    .text.HardFault_Handler  stm32f4xx_it.o
    0x08006f90   0x08006f90   0x00000064   Code   RO         1314    .text.I2C_IsAcknowledgeFailed  stm32f4xx_hal_i2c.o
    0x08006ff4   0x08006ff4   0x000001e2   Code   RO         1208    .text.I2C_RequestMemoryRead  stm32f4xx_hal_i2c.o
    0x080071d6   0x080071d6   0x00000002   PAD
    0x080071d8   0x080071d8   0x0000013a   Code   RO         1204    .text.I2C_RequestMemoryWrite  stm32f4xx_hal_i2c.o
    0x08007312   0x08007312   0x00000002   PAD
    0x08007314   0x08007314   0x000000ac   Code   RO         1168    .text.I2C_WaitOnBTFFlagUntilTimeout  stm32f4xx_hal_i2c.o
    0x080073c0   0x080073c0   0x00000108   Code   RO         1162    .text.I2C_WaitOnFlagUntilTimeout  stm32f4xx_hal_i2c.o
    0x080074c8   0x080074c8   0x00000154   Code   RO         1312    .text.I2C_WaitOnMasterAddressFlagUntilTimeout  stm32f4xx_hal_i2c.o
    0x0800761c   0x0800761c   0x000000dc   Code   RO         1174    .text.I2C_WaitOnRXNEFlagUntilTimeout  stm32f4xx_hal_i2c.o
    0x080076f8   0x080076f8   0x000000a8   Code   RO         1166    .text.I2C_WaitOnTXEFlagUntilTimeout  stm32f4xx_hal_i2c.o
    0x080077a0   0x080077a0   0x0000003e   Code   RO          221    .text.IIC_Read_One_Byte  mpu6050.o
    0x080077de   0x080077de   0x00000002   PAD
    0x080077e0   0x080077e0   0x00000054   Code   RO          219    .text.IIC_Write_One_Byte  mpu6050.o
    0x08007834   0x08007834   0x0000007a   Code   RO           21    .text.LowPowerMode  main.o
    0x080078ae   0x080078ae   0x00000002   PAD
    0x080078b0   0x080078b0   0x0000007e   Code   RO           41    .text.MX_ADC1_Init  main.o
    0x0800792e   0x0800792e   0x00000002   PAD
    0x08007930   0x08007930   0x00000072   Code   RO           29    .text.MX_DMA_Init   main.o
    0x080079a2   0x080079a2   0x00000002   PAD
    0x080079a4   0x080079a4   0x00000134   Code   RO           27    .text.MX_GPIO_Init  main.o
    0x08007ad8   0x08007ad8   0x00000048   Code   RO           33    .text.MX_I2C1_Init  main.o
    0x08007b20   0x08007b20   0x0000004e   Code   RO           37    .text.MX_SPI1_Init  main.o
    0x08007b6e   0x08007b6e   0x00000002   PAD
    0x08007b70   0x08007b70   0x00000086   Code   RO           35    .text.MX_TIM1_Init  main.o
    0x08007bf6   0x08007bf6   0x00000002   PAD
    0x08007bf8   0x08007bf8   0x00000126   Code   RO           39    .text.MX_TIM3_Init  main.o
    0x08007d1e   0x08007d1e   0x00000002   PAD
    0x08007d20   0x08007d20   0x00000044   Code   RO           31    .text.MX_USART1_UART_Init  main.o
    0x08007d64   0x08007d64   0x00000040   Code   RO           43    .text.MX_USART2_UART_Init  main.o
    0x08007da4   0x08007da4   0x00000004   Code   RO           90    .text.MemManage_Handler  stm32f4xx_it.o
    0x08007da8   0x08007da8   0x0000039a   Code   RO          316    .text.MotorControl  control.o
    0x08008142   0x08008142   0x00000002   PAD
    0x08008144   0x08008144   0x0000019c   Code   RO          229    .text.MpuGetData    mpu6050.o
    0x080082e0   0x080082e0   0x000001d4   Code   RO          227    .text.MpuGetOffset  mpu6050.o
    0x080084b4   0x080084b4   0x000000fc   Code   RO          225    .text.MpuInit       mpu6050.o
    0x080085b0   0x080085b0   0x00000004   Code   RO           86    .text.NMI_Handler   stm32f4xx_it.o
    0x080085b4   0x080085b4   0x0000007c   Code   RO          187    .text.NRF24L01_Check  nrf24l01.o
    0x08008630   0x08008630   0x00000074   Code   RO          191    .text.NRF24L01_Read_Buf  nrf24l01.o
    0x080086a4   0x080086a4   0x00000040   Code   RO          195    .text.NRF24L01_Read_Reg  nrf24l01.o
    0x080086e4   0x080086e4   0x00000092   Code   RO          199    .text.NRF24L01_RxPacket  nrf24l01.o
    0x08008776   0x08008776   0x00000002   PAD
    0x08008778   0x08008778   0x00000072   Code   RO          189    .text.NRF24L01_Write_Buf  nrf24l01.o
    0x080087ea   0x080087ea   0x00000002   PAD
    0x080087ec   0x080087ec   0x00000044   Code   RO          193    .text.NRF24L01_Write_Reg  nrf24l01.o
    0x08008830   0x08008830   0x0000006c   Code   RO          996    .text.NVIC_EncodePriority  stm32f4xx_hal_cortex.o
    0x0800889c   0x0800889c   0x00000002   Code   RO          100    .text.PendSV_Handler  stm32f4xx_it.o
    0x0800889e   0x0800889e   0x00000002   PAD
    0x080088a0   0x080088a0   0x000002c6   Code   RO          156    .text.PilotLED      led.o
    0x08008b66   0x08008b66   0x00000002   PAD
    0x08008b68   0x08008b68   0x00000060   Code   RO          475    .text.Q_rsqrt       mymath.o
    0x08008bc8   0x08008bc8   0x000000d0   Code   RO          274    .text.RC_Analy      remote.o
    0x08008c98   0x08008c98   0x000000ae   Code   RO          201    .text.RX_Mode       nrf24l01.o
    0x08008d46   0x08008d46   0x00000002   PAD
    0x08008d48   0x08008d48   0x000000cc   Code   RO         1344    .text.SPI_EndRxTxTransaction  stm32f4xx_hal_spi.o
    0x08008e14   0x08008e14   0x0000012c   Code   RO         1442    .text.SPI_WaitFlagStateUntilTimeout  stm32f4xx_hal_spi.o
    0x08008f40   0x08008f40   0x0000002c   Code   RO          185    .text.SPIx_ReadWriteByte  nrf24l01.o
    0x08008f6c   0x08008f6c   0x00000274   Code   RO          385    .text.SPL06_001_get_calib_param  spl06_001.o
    0x080091e0   0x080091e0   0x000000f2   Code   RO          395    .text.SPL06_001_get_pressure  spl06_001.o
    0x080092d2   0x080092d2   0x00000002   PAD
    0x080092d4   0x080092d4   0x00000086   Code   RO          391    .text.SPL06_001_get_raw_pressure  spl06_001.o
    0x0800935a   0x0800935a   0x00000002   PAD
    0x0800935c   0x0800935c   0x00000090   Code   RO          389    .text.SPL06_001_get_raw_temp  spl06_001.o
    0x080093ec   0x080093ec   0x00000004   PAD
    0x080093f0   0x080093f0   0x000000b8   Code   RO          393    .text.SPL06_001_get_temperature  spl06_001.o
    0x080094a8   0x080094a8   0x000000c6   Code   RO          387    .text.SPL06_001_init  spl06_001.o
    0x0800956e   0x0800956e   0x00000002   PAD
    0x08009570   0x08009570   0x0000003e   Code   RO          353    .text.SPL06_001_read  spl06_001.o
    0x080095ae   0x080095ae   0x00000002   PAD
    0x080095b0   0x080095b0   0x0000003e   Code   RO          351    .text.SPL06_001_write  spl06_001.o
    0x080095ee   0x080095ee   0x00000002   PAD
    0x080095f0   0x080095f0   0x0000000c   Code   RO          383    .text.SPL06_get_chip_id  spl06_001.o
    0x080095fc   0x080095fc   0x0000000c   Code   RO          359    .text.SPL06_get_measure_status  spl06_001.o
    0x08009608   0x08009608   0x000000fe   Code   RO          355    .text.SPL06_pressure_rate_config  spl06_001.o
    0x08009706   0x08009706   0x00000002   PAD
    0x08009708   0x08009708   0x00000018   Code   RO          361    .text.SPL06_set_measure_mode  spl06_001.o
    0x08009720   0x08009720   0x0000010a   Code   RO          357    .text.SPL06_temperature_rate_config  spl06_001.o
    0x0800982a   0x0800982a   0x00000002   PAD
    0x0800982c   0x0800982c   0x00000002   Code   RO           96    .text.SVC_Handler   stm32f4xx_it.o
    0x0800982e   0x0800982e   0x00000002   PAD
    0x08009830   0x08009830   0x00000052   Code   RO         1012    .text.SysTick_Config  stm32f4xx_hal_cortex.o
    0x08009882   0x08009882   0x00000002   PAD
    0x08009884   0x08009884   0x00000008   Code   RO          102    .text.SysTick_Handler  stm32f4xx_it.o
    0x0800988c   0x0800988c   0x000000b6   Code   RO           25    .text.SystemClock_Config  main.o
    0x08009942   0x08009942   0x00000002   PAD
    0x08009944   0x08009944   0x00000012   Code   RO         1918    .text.SystemInit    system_stm32f4xx.o
    0x08009956   0x08009956   0x00000002   PAD
    0x08009958   0x08009958   0x00000010   Code   RO          108    .text.TIM1_UP_TIM10_IRQHandler  stm32f4xx_it.o
    0x08009968   0x08009968   0x00000144   Code   RO         1455    .text.TIM_Base_SetConfig  stm32f4xx_hal_tim.o
    0x08009aac   0x08009aac   0x00000036   Code   RO         1489    .text.TIM_CCxChannelCmd  stm32f4xx_hal_tim.o
    0x08009ae2   0x08009ae2   0x00000002   PAD
    0x08009ae4   0x08009ae4   0x00000034   Code   RO         1641    .text.TIM_ETR_SetConfig  stm32f4xx_hal_tim.o
    0x08009b18   0x08009b18   0x0000002a   Code   RO         1647    .text.TIM_ITRx_SetConfig  stm32f4xx_hal_tim.o
    0x08009b42   0x08009b42   0x00000002   PAD
    0x08009b44   0x08009b44   0x000000ca   Code   RO         1599    .text.TIM_OC1_SetConfig  stm32f4xx_hal_tim.o
    0x08009c0e   0x08009c0e   0x00000002   PAD
    0x08009c10   0x08009c10   0x000000d4   Code   RO         1601    .text.TIM_OC2_SetConfig  stm32f4xx_hal_tim.o
    0x08009ce4   0x08009ce4   0x000000d2   Code   RO         1603    .text.TIM_OC3_SetConfig  stm32f4xx_hal_tim.o
    0x08009db6   0x08009db6   0x00000002   PAD
    0x08009db8   0x08009db8   0x00000094   Code   RO         1605    .text.TIM_OC4_SetConfig  stm32f4xx_hal_tim.o
    0x08009e4c   0x08009e4c   0x00000050   Code   RO         1645    .text.TIM_TI1_ConfigInputStage  stm32f4xx_hal_tim.o
    0x08009e9c   0x08009e9c   0x00000052   Code   RO         1649    .text.TIM_TI2_ConfigInputStage  stm32f4xx_hal_tim.o
    0x08009eee   0x08009eee   0x00000002   PAD
    0x08009ef0   0x08009ef0   0x0000001c   Code   RO         1875    .text.UART_DMAAbortOnError  stm32f4xx_hal_uart.o
    0x08009f0c   0x08009f0c   0x0000007c   Code   RO         1821    .text.UART_DMAError  stm32f4xx_hal_uart.o
    0x08009f88   0x08009f88   0x000000f4   Code   RO         1907    .text.UART_DMAReceiveCplt  stm32f4xx_hal_uart.o
    0x0800a07c   0x0800a07c   0x00000034   Code   RO         1909    .text.UART_DMARxHalfCplt  stm32f4xx_hal_uart.o
    0x0800a0b0   0x0800a0b0   0x00000094   Code   RO         1835    .text.UART_EndRxTransfer  stm32f4xx_hal_uart.o
    0x0800a144   0x0800a144   0x00000026   Code   RO         1883    .text.UART_EndTransmit_IT  stm32f4xx_hal_uart.o
    0x0800a16a   0x0800a16a   0x00000002   PAD
    0x0800a16c   0x0800a16c   0x00000036   Code   RO         1833    .text.UART_EndTxTransfer  stm32f4xx_hal_uart.o
    0x0800a1a2   0x0800a1a2   0x00000002   PAD
    0x0800a1a4   0x0800a1a4   0x00000168   Code   RO         1873    .text.UART_Receive_IT  stm32f4xx_hal_uart.o
    0x0800a30c   0x0800a30c   0x0000013a   Code   RO         1791    .text.UART_SetConfig  stm32f4xx_hal_uart.o
    0x0800a446   0x0800a446   0x00000002   PAD
    0x0800a448   0x0800a448   0x00000130   Code   RO         1825    .text.UART_Start_Receive_DMA  stm32f4xx_hal_uart.o
    0x0800a578   0x0800a578   0x00000094   Code   RO         1881    .text.UART_Transmit_IT  stm32f4xx_hal_uart.o
    0x0800a60c   0x0800a60c   0x00000010   Code   RO          110    .text.USART1_IRQHandler  stm32f4xx_it.o
    0x0800a61c   0x0800a61c   0x00000010   Code   RO          112    .text.USART2_IRQHandler  stm32f4xx_it.o
    0x0800a62c   0x0800a62c   0x00000004   Code   RO           94    .text.UsageFault_Handler  stm32f4xx_it.o
    0x0800a630   0x0800a630   0x000000e4   Code   RO          256    .text.User_Data_Load_All  flash.o
    0x0800a714   0x0800a714   0x000000ce   Code   RO          250    .text.User_Data_Save_All  flash.o
    0x0800a7e2   0x0800a7e2   0x00000002   PAD
    0x0800a7e4   0x0800a7e4   0x00000038   Code   RO         1004    .text.__NVIC_DisableIRQ  stm32f4xx_hal_cortex.o
    0x0800a81c   0x0800a81c   0x00000030   Code   RO         1000    .text.__NVIC_EnableIRQ  stm32f4xx_hal_cortex.o
    0x0800a84c   0x0800a84c   0x00000010   Code   RO          992    .text.__NVIC_GetPriorityGrouping  stm32f4xx_hal_cortex.o
    0x0800a85c   0x0800a85c   0x00000042   Code   RO          994    .text.__NVIC_SetPriority  stm32f4xx_hal_cortex.o
    0x0800a89e   0x0800a89e   0x00000002   PAD
    0x0800a8a0   0x0800a8a0   0x0000003c   Code   RO          988    .text.__NVIC_SetPriorityGrouping  stm32f4xx_hal_cortex.o
    0x0800a8dc   0x0800a8dc   0x0000001e   Code   RO          166    .text.fputc         uart.o
    0x0800a8fa   0x0800a8fa   0x00000002   PAD
    0x0800a8fc   0x0800a8fc   0x0000006c   Code   RO          504    .text.kalman_1      kalman.o
    0x0800a968   0x0800a968   0x000002f0   Code   RO           23    .text.main          main.o
    0x0800ac58   0x0800ac58   0x00000062   Code   RO          410    .text.pidRest       pid.o
    0x0800acba   0x0800acba   0x00000002   PAD
    0x0800acbc   0x0800acbc   0x00000094   Code   RO          412    .text.pidUpdate     pid.o
    0x0800ad50   0x0800ad50   0x00000082   Code   RO          329    .text.pid_param_Init  all_data.o
    0x0800add2   0x0800add2   0x00000002   PAD
    0x0800add4   0x0800add4   0x000001d4   Code   RO          276    .text.remote_unlock  remote.o
    0x0800afa8   0x0800afa8   0x00000028   Code   RO          168    .text.send_char     uart.o
    0x0800afd0   0x0800afd0   0x00000042   Code   RO          170    .text.send_char_array  uart.o
    0x0800b012   0x0800b012   0x00000002   PAD
    0x0800b014   0x0800b014   0x0000000c   Code   RO          399    .text.user_SPL06_001_get_presure  spl06_001.o
    0x0800b020   0x0800b020   0x0000000c   Code   RO          397    .text.user_SPL06_001_get_temperature  spl06_001.o
    0x0800b02c   0x0800b02c   0x00000020   Code   RO         1974    i.__0printf         mc_w.l(printfa.o)
    0x0800b04c   0x0800b04c   0x00000030   Code   RO         2040    i.__ARM_fpclassify  m_wm.l(fpclassify.o)
    0x0800b07c   0x0800b07c   0x00000004   PAD
    0x0800b080   0x0800b080   0x00000360   Code   RO         1931    i.__hardfp_asin     m_wm.l(asin.o)
    0x0800b3e0   0x0800b3e0   0x000002d8   Code   RO         2013    i.__hardfp_atan     m_wm.l(atan.o)
    0x0800b6b8   0x0800b6b8   0x00000200   Code   RO         1944    i.__hardfp_atan2    m_wm.l(atan2.o)
    0x0800b8b8   0x0800b8b8   0x000000f8   Code   RO         2058    i.__kernel_poly     m_wm.l(poly.o)
    0x0800b9b0   0x0800b9b0   0x00000014   Code   RO         2021    i.__mathlib_dbl_infnan  m_wm.l(dunder.o)
    0x0800b9c4   0x0800b9c4   0x00000014   Code   RO         2022    i.__mathlib_dbl_infnan2  m_wm.l(dunder.o)
    0x0800b9d8   0x0800b9d8   0x00000020   Code   RO         2023    i.__mathlib_dbl_invalid  m_wm.l(dunder.o)
    0x0800b9f8   0x0800b9f8   0x00000020   Code   RO         2026    i.__mathlib_dbl_underflow  m_wm.l(dunder.o)
    0x0800ba18   0x0800ba18   0x0000000e   Code   RO         2134    i.__scatterload_copy  mc_w.l(handlers.o)
    0x0800ba26   0x0800ba26   0x00000002   Code   RO         2135    i.__scatterload_null  mc_w.l(handlers.o)
    0x0800ba28   0x0800ba28   0x0000000e   Code   RO         2136    i.__scatterload_zeroinit  mc_w.l(handlers.o)
    0x0800ba36   0x0800ba36   0x00000002   PAD
    0x0800ba38   0x0800ba38   0x0000000c   Code   RO         2110    i.__set_errno       mc_w.l(errno.o)
    0x0800ba44   0x0800ba44   0x00000184   Code   RO         1981    i._fp_digits        mc_w.l(printfa.o)
    0x0800bbc8   0x0800bbc8   0x000006dc   Code   RO         1982    i._printf_core      mc_w.l(printfa.o)
    0x0800c2a4   0x0800c2a4   0x00000024   Code   RO         1983    i._printf_post_padding  mc_w.l(printfa.o)
    0x0800c2c8   0x0800c2c8   0x0000002e   Code   RO         1984    i._printf_pre_padding  mc_w.l(printfa.o)
    0x0800c2f6   0x0800c2f6   0x00000010   Code   RO         2015    i.atan              m_wm.l(atan.o)
    0x0800c306   0x0800c306   0x00000018   Code   RO         2036    i.fabs              m_wm.l(fabs.o)
    0x0800c31e   0x0800c31e   0x0000006e   Code   RO         2066    i.sqrt              m_wm.l(sqrt.o)
    0x0800c38c   0x0800c38c   0x00000004   PAD
    0x0800c390   0x0800c390   0x00000050   Data   RO         1934    .constdata          m_wm.l(asin.o)
    0x0800c3e0   0x0800c3e0   0x00000098   Data   RO         2016    .constdata          m_wm.l(atan.o)
    0x0800c478   0x0800c478   0x00000008   Data   RO         2060    .constdata          m_wm.l(qnan.o)
    0x0800c480   0x0800c480   0x00000010   Data   RO         1923    .rodata.AHBPrescTable  system_stm32f4xx.o
    0x0800c490   0x0800c490   0x00000008   Data   RO         1924    .rodata.APBPrescTable  system_stm32f4xx.o
    0x0800c498   0x0800c498   0x00000008   Data   RO          910    .rodata.DMA_CalcBaseAndBitshift.flagBitshiftOffset  stm32f4xx_hal_dma.o
    0x0800c4a0   0x0800c4a0   0x00000004   Data   RO          494    .rodata.Gyro_G      mymath.o
    0x0800c4a4   0x0800c4a4   0x00000004   Data   RO          495    .rodata.Gyro_Gr     mymath.o
    0x0800c4a8   0x0800c4a8   0x00000004   Data   RO          492    .rodata.RtA         mymath.o
    0x0800c4ac   0x0800c4ac   0x00000020   Data   RO           73    .rodata.str1.1      main.o
    0x0800c4cc   0x0800c4cc   0x00000020   Data   RO         2133    Region$$Table       anon$$obj.o


    Execution Region RW_IRAM1 (Exec base: 0x20000000, Load base: 0x0800c4f0, Size: 0x00000c58, Max: 0x00010000, ABSOLUTE)

    Exec Addr    Load Addr    Size         Type   Attr      Idx    E Section Name        Object

    0x20000000   0x0800c4f0   0x00000004   Data   RW         2090    .data               mc_w.l(stdout.o)
    0x20000004   0x0800c4f4   0x00000004   Data   RW         2111    .data               mc_w.l(errno.o)
    0x20000008   0x0800c4f8   0x00000001   Data   RW          304    .data.ANTO_polling.status  ano_dt.o
    0x20000009   0x0800c4f9   0x00000001   Data   RW          305    .data.ANTO_polling.status1  ano_dt.o
    0x2000000a   0x0800c4fa   0x00000001   Data   RW          306    .data.ANTO_polling.status2  ano_dt.o
    0x2000000b   0x0800c4fb   0x00000001   Data   RW          319    .data.FlightPidControl.status  control.o
    0x2000000c   0x0800c4fc   0x00000004   Data   RW          427    .data.GetAngle.KiDef  imu.o
    0x20000010   0x0800c500   0x00000004   Data   RW          426    .data.GetAngle.KpDef  imu.o
    0x20000014   0x0800c504   0x00000010   Data   RW          428    .data.GetAngle.NumQ  imu.o
    0x20000024   0x0800c514   0x00000004   Data   RW          158    .data.LED           led.o
    0x20000028   0x0800c518   0x00000001   Data   RW          320    .data.MotorControl.status  control.o
    0x20000029   0x0800c519   0x00000003   PAD
    0x2000002c   0x0800c51c   0x00000048   Data   RW          235    .data.MpuGetData.ekf  mpu6050.o
    0x20000074   0x0800c564   0x00000005   Data   RW          210    .data.RX_ADDRESS    nrf24l01.o
    0x20000079   0x0800c569   0x00000003   PAD
    0x2000007c   0x0800c56c   0x00000004   Data   RW         1922    .data.SystemCoreClock  system_stm32f4xx.o
    0x20000080   0x0800c570   0x00000005   Data   RW          209    .data.TX_ADDRESS    nrf24l01.o
    0x20000085   0x0800c575   0x00000001   Data   RW           47    .data.nrf2401_tx_flag  main.o
    0x20000086   0x0800c576   0x00000021   Data   RW           48    .data.nrf2401_txbuf  main.o
    0x200000a7   0x0800c597   0x00000001   PAD
    0x200000a8   0x0800c598   0x00000020   Data   RW          782    .data.pFlash        stm32f4xx_hal_flash.o
    0x200000c8   0x0800c5b8   0x00000004   Data   RW          234    .data.pMpu          mpu6050.o
    0x200000cc   0x0800c5bc   0x00000020   Data   RW          318    .data.pPidObject    control.o
    0x200000ec   0x0800c5dc   0x00000020   Data   RW          266    .data.pPids         flash.o
    0x2000010c   0x0800c5fc   0x00000001   Data   RW          280    .data.remote_unlock.status  remote.o
    0x2000010d   0x0800c5fd   0x00000001   Data   RW         1118    .data.uwTickFreq    stm32f4xx_hal.o
    0x2000010e   0x0800c5fe   0x00000002   PAD
    0x20000110   0x0800c600   0x00000004   Data   RW         1117    .data.uwTickPrio    stm32f4xx_hal.o
    0x20000114   0x0800c604   0x00000004   PAD
    0x20000118        -       0x00000006   Zero   RW          339    .bss.AK8975         all_data.o
    0x2000011e        -       0x00000004   Zero   RW          342    .bss.ALL_flag       all_data.o
    0x20000122        -       0x00000001   Zero   RW          297    .bss.ANTO_Recived_flag  ano_dt.o
    0x20000123   0x0800c604   0x00000001   PAD
    0x20000124        -       0x0000000c   Zero   RW          340    .bss.Angle          all_data.o
    0x20000130        -       0x00000013   Zero   RW          299    .bss.AnglePID       ano_dt.o
    0x20000143   0x0800c604   0x00000001   PAD
    0x20000144        -       0x0000000c   Zero   RW          425    .bss.GetAngle.GyroIntegError  imu.o
    0x20000150        -       0x00000013   Zero   RW          300    .bss.HighPID        ano_dt.o
    0x20000163   0x0800c604   0x00000001   PAD
    0x20000164        -       0x0000000c   Zero   RW          338    .bss.MPU6050        all_data.o
    0x20000170        -       0x0000000c   Zero   RW          233    .bss.MpuGetData.buffer  mpu6050.o
    0x2000017c        -       0x0000000c   Zero   RW          236    .bss.MpuGetData.tBuff  mpu6050.o
    0x20000188        -       0x00000001   Zero   RW          232    .bss.MpuInit.date   mpu6050.o
    0x20000189   0x0800c604   0x00000001   PAD
    0x2000018a        -       0x0000000c   Zero   RW          231    .bss.MpuOffset      mpu6050.o
    0x20000196   0x0800c604   0x00000002   PAD
    0x20000198        -       0x00000004   Zero   RW          429    .bss.NormAcc        imu.o
    0x2000019c        -       0x00000013   Zero   RW          301    .bss.PID4           ano_dt.o
    0x200001af        -       0x00000013   Zero   RW          302    .bss.PID5           ano_dt.o
    0x200001c2        -       0x00000013   Zero   RW          303    .bss.PID6           ano_dt.o
    0x200001d5   0x0800c604   0x00000003   PAD
    0x200001d8        -       0x00000004   Zero   RW          159    .bss.PilotLED.LastTime  led.o
    0x200001dc        -       0x00000020   Zero   RW          279    .bss.RC_rxData      remote.o
    0x200001fc        -       0x00000013   Zero   RW          298    .bss.RatePID        ano_dt.o
    0x2000020f   0x0800c604   0x00000001   PAD
    0x20000210        -       0x00000010   Zero   RW          341    .bss.Remote         all_data.o
    0x20000220        -       0x00000014   Zero   RW          401    .bss.SPL06          spl06_001.o
    0x20000234        -       0x00000018   Zero   RW          402    .bss.SPL06_calib_param  spl06_001.o
    0x2000024c        -       0x00000001   Zero   RW           50    .bss.SPL06_cnt      main.o
    0x2000024d        -       0x00000001   Zero   RW           51    .bss.SPL06_flag     main.o
    0x2000024e   0x0800c604   0x00000002   PAD
    0x20000250        -       0x00000004   Zero   RW           69    .bss.baro_height    main.o
    0x20000254        -       0x00000048   Zero   RW           70    .bss.hadc1          main.o
    0x2000029c        -       0x00000060   Zero   RW           74    .bss.hdma_usart1_rx  main.o
    0x200002fc        -       0x00000060   Zero   RW           77    .bss.hdma_usart2_rx  main.o
    0x2000035c        -       0x00000054   Zero   RW           75    .bss.hi2c1          main.o
    0x200003b0        -       0x00000058   Zero   RW           76    .bss.hspi1          main.o
    0x20000408        -       0x00000048   Zero   RW           66    .bss.htim1          main.o
    0x20000450        -       0x00000048   Zero   RW           72    .bss.htim3          main.o
    0x20000498        -       0x00000048   Zero   RW           63    .bss.huart1         main.o
    0x200004e0        -       0x00000048   Zero   RW           64    .bss.huart2         main.o
    0x20000528        -       0x00000004   Zero   RW           55    .bss.low_power_tick  main.o
    0x2000052c        -       0x00000008   Zero   RW          321    .bss.motor          control.o
    0x20000534        -       0x00000001   Zero   RW          296    .bss.mpu_cal_flag   ano_dt.o
    0x20000535        -       0x00000001   Zero   RW           53    .bss.mpu_flag       main.o
    0x20000536        -       0x00000001   Zero   RW           59    .bss.nrf_addr_init  main.o
    0x20000537   0x0800c604   0x00000001   PAD
    0x20000538        -       0x00000002   Zero   RW          278    .bss.nrf_cnt        remote.o
    0x2000053a   0x0800c604   0x00000002   PAD
    0x2000053c        -       0x00000034   Zero   RW          344    .bss.pidHeightHigh  all_data.o
    0x20000570        -       0x00000034   Zero   RW          343    .bss.pidHeightRate  all_data.o
    0x200005a4        -       0x00000034   Zero   RW          334    .bss.pidPitch       all_data.o
    0x200005d8        -       0x00000034   Zero   RW          331    .bss.pidRateX       all_data.o
    0x2000060c        -       0x00000034   Zero   RW          332    .bss.pidRateY       all_data.o
    0x20000640        -       0x00000034   Zero   RW          333    .bss.pidRateZ       all_data.o
    0x20000674        -       0x00000034   Zero   RW          335    .bss.pidRoll        all_data.o
    0x200006a8        -       0x00000034   Zero   RW          336    .bss.pidYaw         all_data.o
    0x200006dc        -       0x00000004   Zero   RW           68    .bss.presure        main.o
    0x200006e0        -       0x00000002   Zero   RW          281    .bss.remote_unlock.cnt  remote.o
    0x200006e2        -       0x00000002   Zero   RW          282    .bss.remote_unlock.lock_cnt  remote.o
    0x200006e4        -       0x00000004   Zero   RW           67    .bss.temperature    main.o
    0x200006e8        -       0x00000001   Zero   RW           49    .bss.txbuf_pos      main.o
    0x200006e9        -       0x00000080   Zero   RW           62    .bss.uart1_rx_buff  main.o
    0x20000769        -       0x00000001   Zero   RW           60    .bss.uart1_rx_len   main.o
    0x2000076a        -       0x00000080   Zero   RW           61    .bss.uart1_rx_temp  main.o
    0x200007ea        -       0x00000001   Zero   RW           56    .bss.uart2_buf_pos  main.o
    0x200007eb        -       0x00000001   Zero   RW           57    .bss.uart2_flag     main.o
    0x200007ec        -       0x00000064   Zero   RW           65    .bss.uart2_rxbuf    main.o
    0x20000850        -       0x00000004   Zero   RW         1119    .bss.uwTick         stm32f4xx_hal.o
    0x20000854        -       0x00000001   Zero   RW           54    .bss.volt_cnt       main.o
    0x20000855   0x0800c604   0x00000001   PAD
    0x20000856        -       0x00000002   Zero   RW           71    .bss.voltage        main.o
    0x20000858        -       0x00000400   Zero   RW            1    STACK               startup_stm32f401xc.o


==============================================================================

Image component sizes


      Code (inc. data)   RO Data    RW Data    ZI Data      Debug   Object Name

       130          0          0          0        466       1943   all_data.o
      3840         94          0          3        116       5053   ano_dt.o
      1408          0          0         34          8       2435   control.o
       704          0          0         32          0       4008   flash.o
      1494          0          0         24         16       2224   imu.o
       108          0          0          0          0       5241   kalman.o
       710         14          0          4          4       1654   led.o
      3204         12         32         34       1107      16775   main.o
      1278          8          0         76         37       2964   mpu6050.o
        96          0         12          0          0       4091   mymath.o
       850          0          0         10          0       3194   nrf24l01.o
       290          0          0          0          0       1492   pid.o
       676          0          0          1         38       1479   remote.o
      2246         24          0          0         44       5857   spl06_001.o
        36          8        404          0       1024        828   startup_stm32f401xc.o
       270          0          0          5          4       6674   stm32f4xx_hal.o
      2184          0          0          0          0       9886   stm32f4xx_hal_adc.o
         8          0          0          0          0       8231   stm32f4xx_hal_adc_ex.o
       558          0          0          0          0       9215   stm32f4xx_hal_cortex.o
      2068          8          8          0          0       8458   stm32f4xx_hal_dma.o
       980          0          0         32          0       4817   stm32f4xx_hal_flash.o
       610          0          0          0          0       5987   stm32f4xx_hal_flash_ex.o
      1052          0          0          0          0       5095   stm32f4xx_hal_gpio.o
      4364          0          0          0          0      37700   stm32f4xx_hal_i2c.o
      1226          0          0          0          0      13177   stm32f4xx_hal_msp.o
        36          0          0          0          0       4488   stm32f4xx_hal_pwr.o
      2646          0          0          0          0       7655   stm32f4xx_hal_rcc.o
      1692          0          0          0          0      19457   stm32f4xx_hal_spi.o
      3908         14          0          0          0      35834   stm32f4xx_hal_tim.o
       270          0          0          0          0      15323   stm32f4xx_hal_tim_ex.o
      3382          0          0          0          0      20428   stm32f4xx_hal_uart.o
       142          0          0          0          0       1852   stm32f4xx_it.o
        18          0         24          4          0       2568   system_stm32f4xx.o
       136          0          0          0          0       4708   uart.o

    ----------------------------------------------------------------------
     42800        182        512        268       2884     280791   Object Totals
         0          0         32          0          0          0   (incl. Generated)
       180          0          0          9         20          0   (incl. Padding)

    ----------------------------------------------------------------------

      Code (inc. data)   RO Data    RW Data    ZI Data      Debug   Library Member Name

       864         94         80          0          0        280   asin.o
       744        106        152          0          0        352   atan.o
       512         64          0          0          0        208   atan2.o
       104         16          0          0          0        496   dunder.o
        24          0          0          0          0        124   fabs.o
        48          0          0          0          0        124   fpclassify.o
       248          0          0          0          0        152   poly.o
         0          0          8          0          0          0   qnan.o
       110          0          0          0          0        148   sqrt.o
         0          0          0          0          0          0   entry.o
         0          0          0          0          0          0   entry10a.o
         0          0          0          0          0          0   entry11a.o
         8          4          0          0          0          0   entry2.o
         4          0          0          0          0          0   entry5.o
         0          0          0          0          0          0   entry7b.o
         0          0          0          0          0          0   entry8b.o
         8          4          0          0          0          0   entry9a.o
        12          6          0          4          0         68   errno.o
        30          0          0          0          0          0   handlers.o
        48         10          0          0          0         68   init.o
         0          0          0          0          0          0   iusefp.o
        30          0          0          0          0         68   llshl.o
        36          0          0          0          0         68   llsshr.o
        32          0          0          0          0         68   llushr.o
        36          0          0          0          0         68   memcpya.o
        36          0          0          0          0        108   memseta.o
      2258         90          0          0          0        452   printfa.o
         0          0          0          4          0          0   stdout.o
        44          0          0          0          0         80   uidiv.o
        98          0          0          0          0         92   uldiv.o
        48          0          0          0          0         68   cdcmple.o
        48          0          0          0          0         68   cdrcmple.o
        56          0          0          0          0         88   d2f.o
       334          0          0          0          0        148   dadd.o
       222          0          0          0          0        100   ddiv.o
       186          0          0          0          0        176   depilogue.o
        48          0          0          0          0         68   dfixul.o
        34          0          0          0          0         76   dflti.o
       228          0          0          0          0         96   dmul.o
       162          0          0          0          0        100   dsqrt.o
        38          0          0          0          0         68   f2d.o
       110          0          0          0          0        168   fepilogue.o

    ----------------------------------------------------------------------
      6860        394        240          8          0       4248   Library Totals
        12          0          0          0          0          0   (incl. Padding)

    ----------------------------------------------------------------------

      Code (inc. data)   RO Data    RW Data    ZI Data      Debug   Library Name

      2654        280        240          0          0       1884   m_wm.l
      2680        114          0          8          0       1140   mc_w.l
      1514          0          0          0          0       1224   mf_w.l

    ----------------------------------------------------------------------
      6860        394        240          8          0       4248   Library Totals

    ----------------------------------------------------------------------

==============================================================================


      Code (inc. data)   RO Data    RW Data    ZI Data      Debug   

     49660        576        752        276       2884     282307   Grand Totals
     49660        576        752        276       2884     282307   ELF Image Totals
     49660        576        752        276          0          0   ROM Totals

==============================================================================

    Total RO  Size (Code + RO Data)                50412 (  49.23kB)
    Total RW  Size (RW Data + ZI Data)              3160 (   3.09kB)
    Total ROM Size (Code + RO Data + RW Data)      50688 (  49.50kB)

==============================================================================

